Archive member included to satisfy reference by file (symbol)

lib/libql_app_peripheral.a(led_cfg_demo.c.obj)
                              components/ql-application/init/CMakeFiles/APPIMAGE_APP.dir/ql_init.c.obj (ql_ledcfg_app_init)
lib/libql_app_peripheral.a(ql_pin_cfg.c.obj)
                              components/ql-application/init/CMakeFiles/APPIMAGE_APP.dir/ql_init.c.obj (ql_pin_cfg_map)
lib/libql_app_power.a(power_demo.c.obj)
                              components/ql-application/init/CMakeFiles/APPIMAGE_APP.dir/ql_init.c.obj (ql_power_app_init)
lib/libql_app_mqtt.a(mqtt_demo.c.obj)
                              components/ql-application/init/CMakeFiles/APPIMAGE_APP.dir/ql_init.c.obj (ql_mqtt_app_init)
lib/libql_app_mqtt.a(gnss.c.obj)
                              lib/libql_app_mqtt.a(mqtt_demo.c.obj) (ql_gnss_thread)
lib/libql_app_mqtt.a(rtc.c.obj)
                              lib/libql_app_mqtt.a(mqtt_demo.c.obj) (setUnknownRtcTime)
lib/libql_app_mqtt.a(autoUploadProcess.c.obj)
                              lib/libql_app_mqtt.a(mqtt_demo.c.obj) (autoUploadProcess_thread)
lib/libql_app_mqtt.a(ilmProcess.c.obj)
                              lib/libql_app_mqtt.a(mqtt_demo.c.obj) (ilmProcess_thread)
lib/libql_app_mqtt.a(mqttProcess.c.obj)
                              lib/libql_app_mqtt.a(mqtt_demo.c.obj) (mqttProcess_thread)
lib/libql_app_mqtt.a(onBootProcess.c.obj)
                              lib/libql_app_mqtt.a(mqtt_demo.c.obj) (onBootProcess_thread)
lib/libql_app_mqtt.a(periodicProcess.c.obj)
                              lib/libql_app_mqtt.a(mqtt_demo.c.obj) (periodicProcess_thread)
lib/libql_app_mqtt.a(acParam.c.obj)
                              lib/libql_app_mqtt.a(ilmProcess.c.obj) (acParam)
lib/libql_app_mqtt.a(coControllerProcess.c.obj)
                              lib/libql_app_mqtt.a(acParam.c.obj) (ptr)
lib/libql_app_mqtt.a(faultChecker.c.obj)
                              lib/libql_app_mqtt.a(ilmProcess.c.obj) (faultCounter)
lib/libql_app_mqtt.a(memoryHandler.c.obj)
                              lib/libql_app_mqtt.a(autoUploadProcess.c.obj) (crc8_cal)
lib/libql_app_mqtt.a(powerFailHandler.c.obj)
                              lib/libql_app_mqtt.a(ilmProcess.c.obj) (instaGetPowerFailSense)
lib/libql_app_mqtt.a(publishData.c.obj)
                              lib/libql_app_mqtt.a(ilmProcess.c.obj) (publish_data)
lib/libql_app_mqtt.a(rpcHandler.c.obj)
                              lib/libql_app_mqtt.a(ilmProcess.c.obj) (pub_handler)
lib/libql_app_mqtt.a(astronomy.c.obj)
                              lib/libql_app_mqtt.a(ilmProcess.c.obj) (Astronomy_MakeTime)
lib/libql_app_mqtt.a(getMsg.pb.c.obj)
                              lib/libql_app_mqtt.a(publishData.c.obj) (attributes_getMsg_msg)
lib/libql_app_mqtt.a(pb_decode.c.obj)
                              lib/libql_app_mqtt.a(rpcHandler.c.obj) (pb_istream_from_buffer)
lib/libql_app_mqtt.a(pb_encode.c.obj)
                              lib/libql_app_mqtt.a(publishData.c.obj) (pb_ostream_from_buffer)
lib/libql_app_mqtt.a(rpcNew.pb.c.obj)
                              lib/libql_app_mqtt.a(rpcHandler.c.obj) (rpc_RpcRequestMsg_msg)
lib/libql_app_mqtt.a(telemetry.pb.c.obj)
                              lib/libql_app_mqtt.a(publishData.c.obj) (telemetry_Telemetry_msg)
lib/libql_app_mqtt.a(fsDriver.c.obj)
                              lib/libql_app_mqtt.a(memoryHandler.c.obj) (fileWrite)
lib/libql_app_mqtt.a(fota_ftp.c.obj)
                              lib/libql_app_mqtt.a(rpcHandler.c.obj) (fota_ftp_app)
lib/libql_app_mqtt.a(pb_common.c.obj)
                              lib/libql_app_mqtt.a(pb_decode.c.obj) (pb_field_iter_begin)
../../components/newlib/armca5/libm.a(lib_a-exp.o)
                              lib/libql_app_mqtt.a(astronomy.c.obj) (exp)
../../components/newlib/armca5/libm.a(lib_a-math_err.o)
                              ../../components/newlib/armca5/libm.a(lib_a-exp.o) (__math_uflow)
../../components/newlib/armca5/libm.a(lib_a-pow.o)
                              lib/libql_app_mqtt.a(astronomy.c.obj) (pow)
../../components/newlib/armca5/libm.a(lib_a-s_atan.o)
                              lib/libql_app_mqtt.a(astronomy.c.obj) (atan)
../../components/newlib/armca5/libm.a(lib_a-s_cbrt.o)
                              lib/libql_app_mqtt.a(astronomy.c.obj) (cbrt)
../../components/newlib/armca5/libm.a(lib_a-s_ceil.o)
                              lib/libql_app_mqtt.a(astronomy.c.obj) (ceil)
../../components/newlib/armca5/libm.a(lib_a-s_cos.o)
                              lib/libql_app_mqtt.a(astronomy.c.obj) (cos)
../../components/newlib/armca5/libm.a(lib_a-s_fabs.o)
                              ../../components/newlib/armca5/libm.a(lib_a-s_atan.o) (fabs)
../../components/newlib/armca5/libm.a(lib_a-s_floor.o)
                              lib/libql_app_mqtt.a(astronomy.c.obj) (floor)
../../components/newlib/armca5/libm.a(lib_a-s_sin.o)
                              lib/libql_app_mqtt.a(astronomy.c.obj) (sin)
[...]
Memory Configuration

Name             Origin             Length             Attributes
flash            0x60250000         0x00120000         xr
ram              0x80fa0000         0x00020000         xrw
*default*        0x00000000         0xffffffff

Linker script and memory map

LOAD lib/core_stub.o
LOAD components/ql-application/init/CMakeFiles/APPIMAGE_APP.dir/ql_init.c.obj
LOAD ../../components/newlib/armca5/libc.a
LOAD ../../components/newlib/armca5/libm.a
LOAD ../../prebuilts/win32/gcc-arm-none-eabi/bin/../lib/gcc/arm-none-eabi/7.2.1/thumb/v7-ar/fpv3/hard/libgcc.a
LOAD lib/libql_app_nw.a
LOAD lib/libql_app_osi.a
LOAD lib/libql_app_dev.a
LOAD lib/libql_app_peripheral.a
LOAD lib/libql_app_sim.a
LOAD lib/libql_app_power.a
LOAD lib/libql_app_mqtt.a
LOAD lib/libql_app_ftp.a
LOAD lib/libql_app_http.a
LOAD lib/libql_app_mqtt.a
LOAD lib/libql_app_ssl.a
LOAD lib/libql_app_ping.a
LOAD lib/libql_app_ntp.a
LOAD lib/libql_app_lbs.a
LOAD lib/libql_app_socket.a
LOAD lib/libql_app_audio.a
LOAD lib/libql_app_tts.a
LOAD ../../components/newlib/armca5/libql_api_tts.a
LOAD ../../components/newlib/armca5/libm.a
LOAD lib/libql_app_wifi_scan.a
LOAD lib/libql_app_bt.a
LOAD lib/libql_app_bt_hfp.a
LOAD lib/libql_app_ble_gatt.a
LOAD lib/libql_app_lcd.a
LOAD lib/libql_app_lvgl.a
LOAD lib/libql_app_camera.a
LOAD lib/libql_app_file.a
LOAD lib/libql_app_sms.a
LOAD lib/libql_app_voice_call.a
LOAD lib/libql_app_spi.a
LOAD lib/libql_app_spi_nor_flash.a
LOAD lib/libql_app_spi6_ext_nor_flash.a
LOAD lib/libql_app_spi_nand_flash.a
LOAD lib/libql_app_decoder.a
LOAD ../../components/newlib/armca5/libql_api_decoder.a
LOAD ../../components/newlib/armca5/libm.a
LOAD lib/libql_app_rtc.a
LOAD lib/libql_ali_linkSDK.a
LOAD lib/libql_qcloud_iot.a
LOAD lib/libql_app_virt_at.a
LOAD lib/libql_app_http_fota.a
LOAD lib/libql_app_ftp_fota.a
LOAD lib/libql_app_i2c.a
LOAD lib/libql_app_sdmmc.a
LOAD lib/libql_app_mxml.a
LOAD lib/libql_app_hilinksdk.a
LOAD lib/libql_app_hilinksdk.a
LOAD lib/ql_hilinksdk.a
START GROUP
LOAD ..\..\components\newlib\armca5\libc.a
LOAD ..\..\components\newlib\armca5\libm.a
LOAD ..\..\prebuilts\win32\gcc-arm-none-eabi\lib\gcc\arm-none-eabi\7.2.1\thumb\v7-ar\fpv3\hard\libgcc.a
LOAD ..\..\components\ql-application\HiLinkSDK\lib\tl8251\lib\debug\libhilinkbtsdk.a
LOAD ..\..\components\ql-application\HiLinkSDK\lib\WiFi\ota\debug\libhilinkota.a
LOAD ..\..\components\ql-application\HiLinkSDK\lib\WiFi\softap\debug\libhilinkdevicesdk.a
END GROUP
LOAD ../../components/newlib/armca5/libm.a
LOAD lib/libql_app_bt.a
LOAD lib/liblvgl.a
LOAD lib/libql_app_peripheral.a
LOAD lib/libql_app_hilinksdk.a
LOAD ../../components/newlib/armca5/libql_newlib.a
LOAD ../../components/newlib/armca5/libc.a
LOAD ../../components/newlib/armca5/libm.a
LOAD ../../prebuilts/win32/gcc-arm-none-eabi/bin/../lib/gcc/arm-none-eabi/7.2.1/thumb/v7-ar/fpv3/hard/libgcc.a
                0x00000000                PROVIDE (appimg_get_param, 0x0)
                0x00000000                PROVIDE (appimg_set_param, 0x0)
                0x60250000                . = ORIGIN (flash)
                0x60250000                __flash_start = .

.imageheader    0x60250000       0x80
                0x60250000        0x4 LONG 0x41505032
                0x60250004        0x4 LONG 0x0
                0x60250008        0x4 LONG 0x0
 *(.rodata.core_stub.header)
 .rodata.core_stub.header
                0x6025000c       0x14 lib/core_stub.o
                0x6025000c                gAppImageCoreHeader
                0x60250020        0x4 LONG 0x2
                0x60250024        0x4 LONG 0x80 (__corestub_load_start - __flash_start)
                0x60250028        0x4 LONG 0x318 (__corestub_end - __corestub_start)
                0x6025002c        0x4 LONG 0x80fa0000 __corestub_start
                0x60250030        0x4 LONG 0x4
                0x60250034        0x4 LONG 0x600 (__text_load_start - __flash_start)
                0x60250038        0x4 LONG 0x24e80 (__text_end - __text_start)
                0x6025003c        0x4 LONG 0x60250600 __text_start
                0x60250040        0x4 LONG 0x4
                0x60250044        0x4 LONG 0x254a0 (__init_array_load_start - __flash_start)
                0x60250048        0x4 LONG 0x0 (__init_array_end - __init_array_start)
                0x6025004c        0x4 LONG 0x602754a0 __init_array_start
                0x60250050        0x4 LONG 0x1
                0x60250054        0x4 LONG 0x3a0 (__data_load_start - __flash_start)
                0x60250058        0x4 LONG 0x244 (__data_end - __data_start)
                0x6025005c        0x4 LONG 0x80fa0320 __data_start
                0x60250060        0x4 LONG 0x3
                0x60250064        0x4 LONG 0x0
                0x60250068        0x4 LONG 0x2075 (__bss_end - __bss_start)
                0x6025006c        0x4 LONG 0x80fa0580 __bss_start
                0x60250070        0x4 LONG 0x0
                0x60250074        0x4 LONG 0x0
                0x60250078        0x4 LONG 0x0
                0x6025007c        0x4 LONG 0x0
                0x00000001                ASSERT ((SIZEOF (.imageheader) == 0x80), invalid app image header)
                0x80fa0000                . = ORIGIN (ram)
                0x80fa0000                __ram_start = .

.corestub       0x80fa0000      0x320 load address 0x60250080
                0x80fa0000                __corestub_start = .
 *(.text.core_stub.*)
 .text.core_stub.__getreent
                0x80fa0000        0x8 lib/core_stub.o
                0x80fa0000                __getreent
 .text.core_stub.calloc
                0x80fa0008        0x8 lib/core_stub.o
                0x80fa0008                calloc
 .text.core_stub.free
                0x80fa0010        0x8 lib/core_stub.o
                0x80fa0010                free
 .text.core_stub.malloc
                0x80fa0018        0x8 lib/core_stub.o
                0x80fa0018                malloc
 .text.core_stub.osiTracePrintf
                0x80fa0020        0x8 lib/core_stub.o
                0x80fa0020                osiTracePrintf
 .text.core_stub.ql_autosleep_enable
                0x80fa0028        0x8 lib/core_stub.o
                0x80fa0028                ql_autosleep_enable
 .text.core_stub.ql_bind_sim_and_profile
                0x80fa0030        0x8 lib/core_stub.o
                0x80fa0030                ql_bind_sim_and_profile
 .text.core_stub.ql_delay_us
                0x80fa0038        0x8 lib/core_stub.o
                0x80fa0038                ql_delay_us
 .text.core_stub.ql_dev_cfg_wdt
                0x80fa0040        0x8 lib/core_stub.o
                0x80fa0040                ql_dev_cfg_wdt
 .text.core_stub.ql_dev_get_firmware_version
                0x80fa0048        0x8 lib/core_stub.o
                0x80fa0048                ql_dev_get_firmware_version
 .text.core_stub.ql_dev_get_imei
                0x80fa0050        0x8 lib/core_stub.o
                0x80fa0050                ql_dev_get_imei
 .text.core_stub.ql_dev_get_temp_value
                0x80fa0058        0x8 lib/core_stub.o
                0x80fa0058                ql_dev_get_temp_value
 .text.core_stub.ql_dev_set_modem_fun
                0x80fa0060        0x8 lib/core_stub.o
                0x80fa0060                ql_dev_set_modem_fun
 .text.core_stub.ql_event_try_wait
                0x80fa0068        0x8 lib/core_stub.o
                0x80fa0068                ql_event_try_wait
 .text.core_stub.ql_fclose
                0x80fa0070        0x8 lib/core_stub.o
                0x80fa0070                ql_fclose
 .text.core_stub.ql_fopen
                0x80fa0078        0x8 lib/core_stub.o
                0x80fa0078                ql_fopen
 .text.core_stub.ql_fota_file_reset
                0x80fa0080        0x8 lib/core_stub.o
                0x80fa0080                ql_fota_file_reset
 .text.core_stub.ql_fota_get_result
                0x80fa0088        0x8 lib/core_stub.o
                0x80fa0088                ql_fota_get_result
 .text.core_stub.ql_fota_image_verify
                0x80fa0090        0x8 lib/core_stub.o
                0x80fa0090                ql_fota_image_verify
 .text.core_stub.ql_fread
                0x80fa0098        0x8 lib/core_stub.o
                0x80fa0098                ql_fread
 .text.core_stub.ql_fs_free_size
                0x80fa00a0        0x8 lib/core_stub.o
                0x80fa00a0                ql_fs_free_size
 .text.core_stub.ql_fseek
                0x80fa00a8        0x8 lib/core_stub.o
                0x80fa00a8                ql_fseek
 .text.core_stub.ql_ftell
                0x80fa00b0        0x8 lib/core_stub.o
                0x80fa00b0                ql_ftell
 .text.core_stub.ql_ftp_client_close
                0x80fa00b8        0x8 lib/core_stub.o
                0x80fa00b8                ql_ftp_client_close
 .text.core_stub.ql_ftp_client_get_ex
                0x80fa00c0        0x8 lib/core_stub.o
                0x80fa00c0                ql_ftp_client_get_ex
 .text.core_stub.ql_ftp_client_new
                0x80fa00c8        0x8 lib/core_stub.o
                0x80fa00c8                ql_ftp_client_new
 .text.core_stub.ql_ftp_client_open
                0x80fa00d0        0x8 lib/core_stub.o
                0x80fa00d0                ql_ftp_client_open
 .text.core_stub.ql_ftp_client_release
                0x80fa00d8        0x8 lib/core_stub.o
                0x80fa00d8                ql_ftp_client_release
 .text.core_stub.ql_ftp_client_setopt
                0x80fa00e0        0x8 lib/core_stub.o
                0x80fa00e0                ql_ftp_client_setopt
 .text.core_stub.ql_ftp_client_size
                0x80fa00e8        0x8 lib/core_stub.o
                0x80fa00e8                ql_ftp_client_size
 .text.core_stub.ql_fwrite
                0x80fa00f0        0x8 lib/core_stub.o
                0x80fa00f0                ql_fwrite
 .text.core_stub.ql_get_data_call_info
                0x80fa00f8        0x8 lib/core_stub.o
                0x80fa00f8                ql_get_data_call_info
 .text.core_stub.ql_get_powerup_reason
                0x80fa0100        0x8 lib/core_stub.o
                0x80fa0100                ql_get_powerup_reason
 .text.core_stub.ql_gettimeofday
                0x80fa0108        0x8 lib/core_stub.o
                0x80fa0108                ql_gettimeofday
 .text.core_stub.ql_gnss_apflash_cycle_update
                0x80fa0110        0x8 lib/core_stub.o
                0x80fa0110                ql_gnss_apflash_cycle_update
 .text.core_stub.ql_gnss_apflash_data_parse
                0x80fa0118        0x8 lib/core_stub.o
                0x80fa0118                ql_gnss_apflash_data_parse
 .text.core_stub.ql_gnss_apflash_get_recv_status
                0x80fa0120        0x8 lib/core_stub.o
                0x80fa0120                ql_gnss_apflash_get_recv_status
 .text.core_stub.ql_gnss_apflash_getpvdata
                0x80fa0128        0x8 lib/core_stub.o
                0x80fa0128                ql_gnss_apflash_getpvdata
 .text.core_stub.ql_gnss_apflash_retry_enable
                0x80fa0130        0x8 lib/core_stub.o
                0x80fa0130                ql_gnss_apflash_retry_enable
 .text.core_stub.ql_gnss_apflash_set_recv_status
                0x80fa0138        0x8 lib/core_stub.o
                0x80fa0138                ql_gnss_apflash_set_recv_status
 .text.core_stub.ql_gnss_callback_register
                0x80fa0140        0x8 lib/core_stub.o
                0x80fa0140                ql_gnss_callback_register
 .text.core_stub.ql_gnss_nmea_get
                0x80fa0148        0x8 lib/core_stub.o
                0x80fa0148                ql_gnss_nmea_get
 .text.core_stub.ql_gnss_state_info_get
                0x80fa0150        0x8 lib/core_stub.o
                0x80fa0150                ql_gnss_state_info_get
 .text.core_stub.ql_gnss_switch
                0x80fa0158        0x8 lib/core_stub.o
                0x80fa0158                ql_gnss_switch
 .text.core_stub.ql_gpio_get_level
                0x80fa0160        0x8 lib/core_stub.o
                0x80fa0160                ql_gpio_get_level
 .text.core_stub.ql_gpio_init
                0x80fa0168        0x8 lib/core_stub.o
                0x80fa0168                ql_gpio_init
 .text.core_stub.ql_gpio_set_level
                0x80fa0170        0x8 lib/core_stub.o
                0x80fa0170                ql_gpio_set_level
 .text.core_stub.ql_ledcfg_callback_register
                0x80fa0178        0x8 lib/core_stub.o
                0x80fa0178                ql_ledcfg_callback_register
 .text.core_stub.ql_lpm_wakelock_unlock
                0x80fa0180        0x8 lib/core_stub.o
                0x80fa0180                ql_lpm_wakelock_unlock
 .text.core_stub.ql_mqtt_client_deinit
                0x80fa0188        0x8 lib/core_stub.o
                0x80fa0188                ql_mqtt_client_deinit
 .text.core_stub.ql_mqtt_client_init
                0x80fa0190        0x8 lib/core_stub.o
                0x80fa0190                ql_mqtt_client_init
 .text.core_stub.ql_mqtt_connect
                0x80fa0198        0x8 lib/core_stub.o
                0x80fa0198                ql_mqtt_connect
 .text.core_stub.ql_mqtt_publish
                0x80fa01a0        0x8 lib/core_stub.o
                0x80fa01a0                ql_mqtt_publish
 .text.core_stub.ql_mqtt_set_inpub_callback
                0x80fa01a8        0x8 lib/core_stub.o
                0x80fa01a8                ql_mqtt_set_inpub_callback
 .text.core_stub.ql_mqtt_sub_unsub
                0x80fa01b0        0x8 lib/core_stub.o
                0x80fa01b0                ql_mqtt_sub_unsub
 .text.core_stub.ql_network_register_wait
                0x80fa01b8        0x8 lib/core_stub.o
                0x80fa01b8                ql_network_register_wait
 .text.core_stub.ql_nw_get_operator_name
                0x80fa01c0        0x8 lib/core_stub.o
                0x80fa01c0                ql_nw_get_operator_name
 .text.core_stub.ql_nw_get_signal_strength
                0x80fa01c8        0x8 lib/core_stub.o
                0x80fa01c8                ql_nw_get_signal_strength
 .text.core_stub.ql_pin_set_func
                0x80fa01d0        0x8 lib/core_stub.o
                0x80fa01d0                ql_pin_set_func
 .text.core_stub.ql_power_down
                0x80fa01d8        0x8 lib/core_stub.o
                0x80fa01d8                ql_power_down
 .text.core_stub.ql_power_reset
                0x80fa01e0        0x8 lib/core_stub.o
                0x80fa01e0                ql_power_reset
 .text.core_stub.ql_pwm_lpg_enable
                0x80fa01e8        0x8 lib/core_stub.o
                0x80fa01e8                ql_pwm_lpg_enable
 .text.core_stub.ql_pwm_open
                0x80fa01f0        0x8 lib/core_stub.o
                0x80fa01f0                ql_pwm_open
 .text.core_stub.ql_remove
                0x80fa01f8        0x8 lib/core_stub.o
                0x80fa01f8                ql_remove
 .text.core_stub.ql_rtc_get_localtime
                0x80fa0200        0x8 lib/core_stub.o
                0x80fa0200                ql_rtc_get_localtime
 .text.core_stub.ql_rtc_get_time
                0x80fa0208        0x8 lib/core_stub.o
                0x80fa0208                ql_rtc_get_time
 .text.core_stub.ql_rtc_set_time
                0x80fa0210        0x8 lib/core_stub.o
                0x80fa0210                ql_rtc_set_time
 .text.core_stub.ql_rtc_set_timezone
                0x80fa0218        0x8 lib/core_stub.o
                0x80fa0218                ql_rtc_set_timezone
 .text.core_stub.ql_rtos_event_send
                0x80fa0220        0x8 lib/core_stub.o
                0x80fa0220                ql_rtos_event_send
 .text.core_stub.ql_rtos_get_system_tick
                0x80fa0228        0x8 lib/core_stub.o
                0x80fa0228                ql_rtos_get_system_tick
 .text.core_stub.ql_rtos_mutex_create
                0x80fa0230        0x8 lib/core_stub.o
                0x80fa0230                ql_rtos_mutex_create
 .text.core_stub.ql_rtos_mutex_lock
                0x80fa0238        0x8 lib/core_stub.o
                0x80fa0238                ql_rtos_mutex_lock
 .text.core_stub.ql_rtos_mutex_unlock
                0x80fa0240        0x8 lib/core_stub.o
                0x80fa0240                ql_rtos_mutex_unlock
 .text.core_stub.ql_rtos_queue_create
                0x80fa0248        0x8 lib/core_stub.o
                0x80fa0248                ql_rtos_queue_create
 .text.core_stub.ql_rtos_queue_release
                0x80fa0250        0x8 lib/core_stub.o
                0x80fa0250                ql_rtos_queue_release
 .text.core_stub.ql_rtos_queue_wait
                0x80fa0258        0x8 lib/core_stub.o
                0x80fa0258                ql_rtos_queue_wait
 .text.core_stub.ql_rtos_semaphore_create
                0x80fa0260        0x8 lib/core_stub.o
                0x80fa0260                ql_rtos_semaphore_create
 .text.core_stub.ql_rtos_semaphore_release
                0x80fa0268        0x8 lib/core_stub.o
                0x80fa0268                ql_rtos_semaphore_release
 .text.core_stub.ql_rtos_semaphore_wait
                0x80fa0270        0x8 lib/core_stub.o
                0x80fa0270                ql_rtos_semaphore_wait
 .text.core_stub.ql_rtos_task_create
                0x80fa0278        0x8 lib/core_stub.o
                0x80fa0278                ql_rtos_task_create
 .text.core_stub.ql_rtos_task_delete
                0x80fa0280        0x8 lib/core_stub.o
                0x80fa0280                ql_rtos_task_delete
 .text.core_stub.ql_rtos_task_sleep_ms
                0x80fa0288        0x8 lib/core_stub.o
                0x80fa0288                ql_rtos_task_sleep_ms
 .text.core_stub.ql_rtos_task_sleep_s
                0x80fa0290        0x8 lib/core_stub.o
                0x80fa0290                ql_rtos_task_sleep_s
 .text.core_stub.ql_set_data_call_asyn_mode
                0x80fa0298        0x8 lib/core_stub.o
                0x80fa0298                ql_set_data_call_asyn_mode
 .text.core_stub.ql_sim_get_iccid
                0x80fa02a0        0x8 lib/core_stub.o
                0x80fa02a0                ql_sim_get_iccid
 .text.core_stub.ql_sim_get_imsi
                0x80fa02a8        0x8 lib/core_stub.o
                0x80fa02a8                ql_sim_get_imsi
 .text.core_stub.ql_sleep_register_cb
                0x80fa02b0        0x8 lib/core_stub.o
                0x80fa02b0                ql_sleep_register_cb
 .text.core_stub.ql_start_data_call
                0x80fa02b8        0x8 lib/core_stub.o
                0x80fa02b8                ql_start_data_call
 .text.core_stub.ql_stop_data_call
                0x80fa02c0        0x8 lib/core_stub.o
                0x80fa02c0                ql_stop_data_call
 .text.core_stub.ql_uart_get_dcbconfig
                0x80fa02c8        0x8 lib/core_stub.o
                0x80fa02c8                ql_uart_get_dcbconfig
 .text.core_stub.ql_uart_get_tx_fifo_status
                0x80fa02d0        0x8 lib/core_stub.o
                0x80fa02d0                ql_uart_get_tx_fifo_status
 .text.core_stub.ql_uart_open
                0x80fa02d8        0x8 lib/core_stub.o
                0x80fa02d8                ql_uart_open
 .text.core_stub.ql_uart_read
                0x80fa02e0        0x8 lib/core_stub.o
                0x80fa02e0                ql_uart_read
 .text.core_stub.ql_uart_register_cb
                0x80fa02e8        0x8 lib/core_stub.o
                0x80fa02e8                ql_uart_register_cb
 .text.core_stub.ql_uart_set_dcbconfig
                0x80fa02f0        0x8 lib/core_stub.o
                0x80fa02f0                ql_uart_set_dcbconfig
 .text.core_stub.ql_uart_write
                0x80fa02f8        0x8 lib/core_stub.o
                0x80fa02f8                ql_uart_write
 .text.core_stub.ql_usb_bind_hotplug_cb
                0x80fa0300        0x8 lib/core_stub.o
                0x80fa0300                ql_usb_bind_hotplug_cb
 .text.core_stub.ql_wakeup_register_cb
                0x80fa0308        0x8 lib/core_stub.o
                0x80fa0308                ql_wakeup_register_cb
 .text.core_stub.realloc
                0x80fa0310        0x8 lib/core_stub.o
                0x80fa0310                realloc
                0x80fa0318                __corestub_end = .
                0x80fa0320                . = ALIGN (0x20)
 *fill*         0x80fa0318        0x8 
                0x60250080                __corestub_load_start = LOADADDR (.corestub)

.data           0x80fa0320      0x260 load address 0x602503a0
                0x80fa0320                __data_start = .
 *(.data .data.* .gnu.linkonce.d.*)
 .data.gps_data
                0x80fa0320        0x4 lib/libql_app_mqtt.a(rtc.c.obj)
                0x80fa0320                gps_data
 .data.findedSlot.17298
                0x80fa0324        0x1 lib/libql_app_mqtt.a(ilmProcess.c.obj)
 .data.presentSlot
                0x80fa0325        0x1 lib/libql_app_mqtt.a(ilmProcess.c.obj)
                0x80fa0325                presentSlot
 .data.nuAcMeasCommand
                0x80fa0326        0x4 lib/libql_app_mqtt.a(coControllerProcess.c.obj)
                0x80fa0326                nuAcMeasCommand
 .data.nuBatKill
                0x80fa032a        0xa lib/libql_app_mqtt.a(coControllerProcess.c.obj)
                0x80fa032a                nuBatKill
 .data.nuRlyOffCommand
                0x80fa0334        0x6 lib/libql_app_mqtt.a(coControllerProcess.c.obj)
                0x80fa0334                nuRlyOffCommand
 .data.nuRlyOnCommand
                0x80fa033a        0x5 lib/libql_app_mqtt.a(coControllerProcess.c.obj)
                0x80fa033a                nuRlyOnCommand
 .data.state.15675
                0x80fa033f        0x1 lib/libql_app_mqtt.a(coControllerProcess.c.obj)
 .data.dataLogFile
                0x80fa0340       0x12 lib/libql_app_mqtt.a(memoryHandler.c.obj)
                0x80fa0340                dataLogFile
 .data.ilmAstroLog
                0x80fa0352        0xe lib/libql_app_mqtt.a(memoryHandler.c.obj)
                0x80fa0352                ilmAstroLog
 .data.ilmAstroLogBackUp
                0x80fa0360       0x14 lib/libql_app_mqtt.a(memoryHandler.c.obj)
                0x80fa0360                ilmAstroLogBackUp
 .data.ilmConfigFs
                0x80fa0374        0xd lib/libql_app_mqtt.a(memoryHandler.c.obj)
                0x80fa0374                ilmConfigFs
 .data.ilmConfigFsBackUp
                0x80fa0381       0x13 lib/libql_app_mqtt.a(memoryHandler.c.obj)
                0x80fa0381                ilmConfigFsBackUp
 .data.ilmResetLog
                0x80fa0394        0xe lib/libql_app_mqtt.a(memoryHandler.c.obj)
                0x80fa0394                ilmResetLog
 *fill*         0x80fa03a2        0x2 
 .data.DeltaTFunc
                0x80fa03a4        0x4 lib/libql_app_mqtt.a(astronomy.c.obj)
 .data.approximate_zero
                0x80fa03a8        0x4 lib/libql_app_mqtt.a(fota_ftp.c.obj)
                0x80fa03a8                approximate_zero
 .data.file_full_path
                0x80fa03ac       0x13 lib/libql_app_mqtt.a(fota_ftp.c.obj)
                0x80fa03ac                file_full_path
 .data.file_progress_show
                0x80fa03bf        0x1 lib/libql_app_mqtt.a(fota_ftp.c.obj)
                0x80fa03bf                file_progress_show
 .data.hostname
                0x80fa03c0        0xf lib/libql_app_mqtt.a(fota_ftp.c.obj)
                0x80fa03c0                hostname
 .data.local_filename
                0x80fa03cf        0xd lib/libql_app_mqtt.a(fota_ftp.c.obj)
                0x80fa03cf                local_filename
 .data.password
                0x80fa03dc        0x9 lib/libql_app_mqtt.a(fota_ftp.c.obj)
                0x80fa03dc                password
 *fill*         0x80fa03e5        0x3 
 .data.profile_idx
                0x80fa03e8        0x4 lib/libql_app_mqtt.a(fota_ftp.c.obj)
                0x80fa03e8                profile_idx
 .data.username
                0x80fa03ec        0x9 lib/libql_app_mqtt.a(fota_ftp.c.obj)
                0x80fa03ec                username
 .data.__fdlib_version
                0x80fa03f5        0x1 ../../components/newlib/armca5/libm.a(lib_a-s_lib_ver.o)
                0x80fa03f5                __fdlib_version
 .data.numempty
                0x80fa03f6        0x2 ..\..\components\newlib\armca5\libc.a(lib_a-lnumeric.o)
 .data.__global_locale
                0x80fa03f8      0x16c ..\..\components\newlib\armca5\libc.a(lib_a-locale.o)
                0x80fa03f8                __global_locale
                0x80fa0564                __data_end = .
                0x80fa0580                . = ALIGN (0x20)
 *fill*         0x80fa0564       0x1c 
                0x602503a0                __data_load_start = LOADADDR (.data)

.igot.plt       0x60250600        0x0
 .igot.plt      0x60250600        0x0 lib/core_stub.o

.bss            0x80fa0580     0x2080
                0x80fa0580                __bss_start = .
 *(.bss .bss.* COMMON .scommon .sbss .sbss.* .sbss2 .sbss2.* .gnu.linkonce.b.*)
 .bss.ledcfg_task
                0x80fa0580        0x4 lib/libql_app_peripheral.a(led_cfg_demo.c.obj)
                0x80fa0580                ledcfg_task
 .bss.power_task
                0x80fa0584        0x4 lib/libql_app_power.a(power_demo.c.obj)
                0x80fa0584                power_task
 COMMON         0x80fa0588        0x8 lib/libql_app_power.a(power_demo.c.obj)
                0x80fa0588                wake_lock_1
                0x80fa058c                wake_lock_2
 .bss.autoUpload_task
                0x80fa0590        0x4 lib/libql_app_mqtt.a(mqtt_demo.c.obj)
 .bss.dataFileMutex
                0x80fa0594        0x4 lib/libql_app_mqtt.a(mqtt_demo.c.obj)
                0x80fa0594                dataFileMutex
 .bss.gnss_task
                0x80fa0598        0x4 lib/libql_app_mqtt.a(mqtt_demo.c.obj)
                0x80fa0598                gnss_task
 .bss.ilm_task  0x80fa059c        0x4 lib/libql_app_mqtt.a(mqtt_demo.c.obj)
 .bss.mqtt_task
                0x80fa05a0        0x4 lib/libql_app_mqtt.a(mqtt_demo.c.obj)
                0x80fa05a0                mqtt_task
 .bss.mutex     0x80fa05a4        0x4 lib/libql_app_mqtt.a(mqtt_demo.c.obj)
                0x80fa05a4                mutex
 .bss.onBoot_task
                0x80fa05a8        0x4 lib/libql_app_mqtt.a(mqtt_demo.c.obj)
                0x80fa05a8                onBoot_task
 .bss.periodic_task
                0x80fa05ac        0x4 lib/libql_app_mqtt.a(mqtt_demo.c.obj)
 .bss.ql_ilmProcess_qHandle
                0x80fa05b0        0x4 lib/libql_app_mqtt.a(mqtt_demo.c.obj)
                0x80fa05b0                ql_ilmProcess_qHandle
 .bss.ql_mqttSend_queueHandle
                0x80fa05b4        0x4 lib/libql_app_mqtt.a(mqtt_demo.c.obj)
                0x80fa05b4                ql_mqttSend_queueHandle
 .bss.ql_payloadProcess_qHandle
                0x80fa05b8        0x4 lib/libql_app_mqtt.a(mqtt_demo.c.obj)
                0x80fa05b8                ql_payloadProcess_qHandle
 .bss.buffer.16023
                0x80fa05bc      0x800 lib/libql_app_mqtt.a(gnss.c.obj)
 *fill*         0x80fa0dbc        0x4 
 .bss.g_gps_data
                0x80fa0dc0      0x328 lib/libql_app_mqtt.a(gnss.c.obj)
                0x80fa0dc0                g_gps_data
 .bss.gnss_device_info
                0x80fa10e8       0x64 lib/libql_app_mqtt.a(gnss.c.obj)
                0x80fa10e8                gnss_device_info
 .bss.max_cnr.16397
                0x80fa114c        0x4 lib/libql_app_mqtt.a(gnss.c.obj)
 .bss.min_cnr.16398
                0x80fa1150        0x4 lib/libql_app_mqtt.a(gnss.c.obj)
 .bss.prev_ms_gsv
                0x80fa1154        0x4 lib/libql_app_mqtt.a(gnss.c.obj)
 .bss.snr_num.16396
                0x80fa1158        0x4 lib/libql_app_mqtt.a(gnss.c.obj)
 .bss.tick_overflow
                0x80fa115c        0x1 lib/libql_app_mqtt.a(gnss.c.obj)
 *fill*         0x80fa115d        0x3 
 .bss.total_bytes.16022
                0x80fa1160        0x4 lib/libql_app_mqtt.a(gnss.c.obj)
 .bss.total_cnr.16395
                0x80fa1164        0x4 lib/libql_app_mqtt.a(gnss.c.obj)
 .bss.rtc.16191
                0x80fa1168       0x10 lib/libql_app_mqtt.a(rtc.c.obj)
 COMMON         0x80fa1178      0x348 lib/libql_app_mqtt.a(rtc.c.obj)
                0x80fa1178                rtcTm
                0x80fa1198                gpsData
 .bss.astroSendFlage
                0x80fa14c0        0x1 lib/libql_app_mqtt.a(ilmProcess.c.obj)
                0x80fa14c0                astroSendFlage
 *fill*         0x80fa14c1        0x1 
 .bss.currentFileIndex
                0x80fa14c2        0x2 lib/libql_app_mqtt.a(ilmProcess.c.obj)
                0x80fa14c2                currentFileIndex
 .bss.currentTimeInSec.17208
                0x80fa14c4        0x4 lib/libql_app_mqtt.a(ilmProcess.c.obj)
 .bss.doOnce.17207
                0x80fa14c8        0x1 lib/libql_app_mqtt.a(ilmProcess.c.obj)
 *fill*         0x80fa14c9        0x1 
 .bss.ilmFaults
                0x80fa14ca        0x2 lib/libql_app_mqtt.a(ilmProcess.c.obj)
                0x80fa14ca                ilmFaults
 .bss.lampBurnAndFaultCheck
                0x80fa14cc        0x1 lib/libql_app_mqtt.a(ilmProcess.c.obj)
                0x80fa14cc                lampBurnAndFaultCheck
 *fill*         0x80fa14cd        0x3 
 .bss.previousTimeInSec.17209
                0x80fa14d0        0x4 lib/libql_app_mqtt.a(ilmProcess.c.obj)
 COMMON         0x80fa14d4       0xf2 lib/libql_app_mqtt.a(ilmProcess.c.obj)
                0x80fa14d4                ilm
                0x80fa15b8                faultPkt
                0x80fa15c0                randomTimeAstroSend
                0x80fa15c4                faults
 *fill*         0x80fa15c6        0x2 
 .bss.client_info
                0x80fa15c8       0x20 lib/libql_app_mqtt.a(mqttProcess.c.obj)
                0x80fa15c8                client_info
 .bss.imei_no   0x80fa15e8       0x14 lib/libql_app_mqtt.a(mqttProcess.c.obj)
                0x80fa15e8                imei_no
 .bss.mqtt_connected
                0x80fa15fc        0x4 lib/libql_app_mqtt.a(mqttProcess.c.obj)
                0x80fa15fc                mqtt_connected
 .bss.mqtt_semp
                0x80fa1600        0x4 lib/libql_app_mqtt.a(mqttProcess.c.obj)
 .bss.mqtt_subscribe
                0x80fa1604        0x4 lib/libql_app_mqtt.a(mqttProcess.c.obj)
 .bss.operator_name
                0x80fa1608        0xf lib/libql_app_mqtt.a(mqttProcess.c.obj)
                0x80fa1608                operator_name
 *fill*         0x80fa1617        0x1 
 COMMON         0x80fa1618      0x1d5 lib/libql_app_mqtt.a(mqttProcess.c.obj)
                0x80fa1618                mqtt_cli
                0x80fa161c                ss_info
                0x80fa162c                ilmData
                0x80fa17ac                signal
                0x80fa17b0                apn_set
                0x80fa17b1                URL
 .bss.onBootPowerRetainProcessed
                0x80fa17ed        0x1 lib/libql_app_mqtt.a(onBootProcess.c.obj)
                0x80fa17ed                onBootPowerRetainProcessed
 .bss.burnTimeCounter
                0x80fa17ee        0x2 lib/libql_app_mqtt.a(periodicProcess.c.obj)
                0x80fa17ee                burnTimeCounter
 .bss.faultBurnTimeCounter
                0x80fa17f0        0x1 lib/libql_app_mqtt.a(periodicProcess.c.obj)
                0x80fa17f0                faultBurnTimeCounter
 .bss.coControllerStatus
                0x80fa17f1        0x1 lib/libql_app_mqtt.a(acParam.c.obj)
                0x80fa17f1                coControllerStatus
 *fill*         0x80fa17f2        0x2 
 COMMON         0x80fa17f4       0x3c lib/libql_app_mqtt.a(acParam.c.obj)
                0x80fa17f4                acParamNu
                0x80fa181c                acParam
 .bss.dataBufferCnt
                0x80fa1830        0x1 lib/libql_app_mqtt.a(coControllerProcess.c.obj)
                0x80fa1830                dataBufferCnt
 .bss.endSyncCnt
                0x80fa1831        0x1 lib/libql_app_mqtt.a(coControllerProcess.c.obj)
                0x80fa1831                endSyncCnt
 .bss.i         0x80fa1832        0x1 lib/libql_app_mqtt.a(coControllerProcess.c.obj)
                0x80fa1832                i
 .bss.startSyncCnt
                0x80fa1833        0x1 lib/libql_app_mqtt.a(coControllerProcess.c.obj)
                0x80fa1833                startSyncCnt
 .bss.uartPacketRcd
                0x80fa1834        0x1 lib/libql_app_mqtt.a(coControllerProcess.c.obj)
                0x80fa1834                uartPacketRcd
 COMMON         0x80fa1835       0x4f lib/libql_app_mqtt.a(coControllerProcess.c.obj)
                0x80fa1835                ptr
                0x80fa185c                dataBuffer
                0x80fa1883                uC_pktRcd
 .bss.doOnce.15615
                0x80fa1884        0x1 lib/libql_app_mqtt.a(faultChecker.c.obj)
 *fill*         0x80fa1885        0x1 
 .bss.filteredFaults.15616
                0x80fa1886        0x2 lib/libql_app_mqtt.a(faultChecker.c.obj)
 COMMON         0x80fa1888       0x10 lib/libql_app_mqtt.a(faultChecker.c.obj)
                0x80fa1888                faultCounter
                0x80fa1894                wattMinFaultChecker
 COMMON         0x80fa1898      0x158 lib/libql_app_mqtt.a(memoryHandler.c.obj)
                0x80fa1898                fileDataUploadStateBu
                0x80fa19a1                ilmReset
                0x80fa19a8                dataFile
                0x80fa19b0                ilmAstro
 .bss.batKillEnable
                0x80fa19f0        0x1 lib/libql_app_mqtt.a(powerFailHandler.c.obj)
                0x80fa19f0                batKillEnable
 *fill*         0x80fa19f1        0x1 
 .bss.batKillTimeCounter
                0x80fa19f2        0x2 lib/libql_app_mqtt.a(powerFailHandler.c.obj)
                0x80fa19f2                batKillTimeCounter
 .bss.powerFailFlag
                0x80fa19f4        0x1 lib/libql_app_mqtt.a(powerFailHandler.c.obj)
                0x80fa19f4                powerFailFlag
 .bss.powerFailFlagCounter
                0x80fa19f5        0x1 lib/libql_app_mqtt.a(powerFailHandler.c.obj)
                0x80fa19f5                powerFailFlagCounter
 .bss.dataStoreCount
                0x80fa19f6        0x2 lib/libql_app_mqtt.a(publishData.c.obj)
 .bss.msg       0x80fa19f8      0x178 lib/libql_app_mqtt.a(publishData.c.obj)
                0x80fa19f8                msg
 .bss.mymessage
                0x80fa1b70       0xb0 lib/libql_app_mqtt.a(publishData.c.obj)
                0x80fa1b70                mymessage
 .bss.previousrtcTime
                0x80fa1c20        0x4 lib/libql_app_mqtt.a(publishData.c.obj)
 .bss.siminfo   0x80fa1c24       0x40 lib/libql_app_mqtt.a(publishData.c.obj)
                0x80fa1c24                siminfo
 .bss.siminfoIMSI
                0x80fa1c64       0x40 lib/libql_app_mqtt.a(publishData.c.obj)
                0x80fa1c64                siminfoIMSI
 *fill*         0x80fa1ca4        0x4 
 COMMON         0x80fa1ca8      0x198 lib/libql_app_mqtt.a(publishData.c.obj)
                0x80fa1ca8                gnssElements
                0x80fa1cc8                buffer
                0x80fa1e28                stream
                0x80fa1e3c                ql_temp
 .bss.decodedRpc
                0x80fa1e40      0x150 lib/libql_app_mqtt.a(rpcHandler.c.obj)
                0x80fa1e40                decodedRpc
 .bss.StarTable
                0x80fa1f90       0xc0 lib/libql_app_mqtt.a(astronomy.c.obj)
 .bss.pluto_cache
                0x80fa2050       0xc8 lib/libql_app_mqtt.a(astronomy.c.obj)
 COMMON         0x80fa2118        0xc lib/libql_app_mqtt.a(astronomy.c.obj)
                0x80fa2118                _AltitudeDiffCallCount
                0x80fa211c                _FindAscentMaxRecursionDepth
                0x80fa2120                _CalcMoonCount
 COMMON         0x80fa2124        0x4 lib/libql_app_mqtt.a(fsDriver.c.obj)
                0x80fa2124                err
 .bss.fota_ftp_cli
                0x80fa2128      0x4cc lib/libql_app_mqtt.a(fota_ftp.c.obj)
                0x80fa2128                fota_ftp_cli
 .bss.nSim      0x80fa25f4        0x1 lib/libql_app_mqtt.a(fota_ftp.c.obj)
                0x80fa25f4                nSim
                0x80fa25f5                __bss_end = .
                0x80fa2600                . = ALIGN (0x20)
 *fill*         0x80fa25f5        0xb 
                0x60250600                . = ((LOADADDR (.corestub) + SIZEOF (.corestub)) + SIZEOF (.data))

.text           0x60250600    0x24e80
                0x60250600                __text_start = .
 *(.text .text.* .gnu.linkonce.t.* .rdata .rodata .rodata.* .gnu.linkonce.r.* .glue_7 .glue_7t .vfp11_veneer .v4_bx)
 .glue_7        0x60250600        0x0 linker stubs
 .glue_7t       0x60250600        0x0 linker stubs
 .vfp11_veneer  0x60250600        0x0 linker stubs
 .v4_bx         0x60250600        0x0 linker stubs
 .text.ql_init_demo_thread
                0x60250600       0x40 components/ql-application/init/CMakeFiles/APPIMAGE_APP.dir/ql_init.c.obj
 .text.ql_pin_cfg_init
                0x60250640       0x6c components/ql-application/init/CMakeFiles/APPIMAGE_APP.dir/ql_init.c.obj
                0x60250640                ql_pin_cfg_init
 .text.appimg_enter
                0x602506ac       0x98 components/ql-application/init/CMakeFiles/APPIMAGE_APP.dir/ql_init.c.obj
                0x602506ac                appimg_enter
 .text.appimg_exit
                0x60250744       0x1c components/ql-application/init/CMakeFiles/APPIMAGE_APP.dir/ql_init.c.obj
                0x60250744                appimg_exit
 .rodata.__FUNCTION__.17927
                0x60250760       0x10 components/ql-application/init/CMakeFiles/APPIMAGE_APP.dir/ql_init.c.obj
 .rodata.__FUNCTION__.17934
                0x60250770       0x14 components/ql-application/init/CMakeFiles/APPIMAGE_APP.dir/ql_init.c.obj
 .rodata.__FUNCTION__.17940
                0x60250784        0xd components/ql-application/init/CMakeFiles/APPIMAGE_APP.dir/ql_init.c.obj
 .rodata.__FUNCTION__.17944
                0x60250791        0xc components/ql-application/init/CMakeFiles/APPIMAGE_APP.dir/ql_init.c.obj
 .rodata.appimg_enter.str1.1
                0x6025079d       0x5e components/ql-application/init/CMakeFiles/APPIMAGE_APP.dir/ql_init.c.obj
 .rodata.appimg_exit.str1.1
                0x602507fb       0x1d components/ql-application/init/CMakeFiles/APPIMAGE_APP.dir/ql_init.c.obj
 .rodata.ql_init_demo_thread.str1.1
                0x60250818       0x31 components/ql-application/init/CMakeFiles/APPIMAGE_APP.dir/ql_init.c.obj
 .rodata.ql_pin_cfg_init.str1.1
                0x60250849       0x1c components/ql-application/init/CMakeFiles/APPIMAGE_APP.dir/ql_init.c.obj
 *fill*         0x60250865        0x3 
 .text.ql_ledcfg_demo_thread
                0x60250868      0x134 lib/libql_app_peripheral.a(led_cfg_demo.c.obj)
 .text._ledcfg_demo_cb
                0x6025099c       0x58 lib/libql_app_peripheral.a(led_cfg_demo.c.obj)
 .text.ql_ledcfg_app_init
                0x602509f4       0x50 lib/libql_app_peripheral.a(led_cfg_demo.c.obj)
                0x602509f4                ql_ledcfg_app_init
 .rodata.__FUNCTION__.8114
                0x60250a44       0x10 lib/libql_app_peripheral.a(led_cfg_demo.c.obj)
 .rodata.__FUNCTION__.8118
                0x60250a54       0x16 lib/libql_app_peripheral.a(led_cfg_demo.c.obj)
 .rodata.__FUNCTION__.8142
                0x60250a6a       0x13 lib/libql_app_peripheral.a(led_cfg_demo.c.obj)
 .rodata._ledcfg_demo_cb.str1.1
                0x60250a7d       0x6a lib/libql_app_peripheral.a(led_cfg_demo.c.obj)
 .rodata.ql_ledcfg_app_init.str1.1
                0x60250ae7       0x46 lib/libql_app_peripheral.a(led_cfg_demo.c.obj)
 .rodata.ql_ledcfg_demo_thread.str1.1
                0x60250b2d      0x1a6 lib/libql_app_peripheral.a(led_cfg_demo.c.obj)
 .rodata.ql_pin_cfg_map
                0x60250cd3      0x17a lib/libql_app_peripheral.a(ql_pin_cfg.c.obj)
                0x60250cd3                ql_pin_cfg_map
 *fill*         0x60250e4d        0x1 
 .text.ql_exit_sleep_cb
                0x60250e4e        0x8 lib/libql_app_power.a(power_demo.c.obj)
                0x60250e4e                ql_exit_sleep_cb
 .text.ql_enter_sleep_cb
                0x60250e56       0x1e lib/libql_app_power.a(power_demo.c.obj)
                0x60250e56                ql_enter_sleep_cb
 .text.ql_power_demo_thread
                0x60250e74      0x10c lib/libql_app_power.a(power_demo.c.obj)
 .text.usb_hotplug_cb
                0x60250f80       0x2c lib/libql_app_power.a(power_demo.c.obj)
                0x60250f80                usb_hotplug_cb
 .text.ql_power_app_init
                0x60250fac       0x50 lib/libql_app_power.a(power_demo.c.obj)
                0x60250fac                ql_power_app_init
 .rodata.__FUNCTION__.8317
                0x60250ffc        0xf lib/libql_app_power.a(power_demo.c.obj)
 .rodata.__FUNCTION__.8324
                0x6025100b       0x15 lib/libql_app_power.a(power_demo.c.obj)
 .rodata.__FUNCTION__.8342
                0x60251020       0x12 lib/libql_app_power.a(power_demo.c.obj)
 .rodata.ql_power_app_init.str1.1
                0x60251032       0x3b lib/libql_app_power.a(power_demo.c.obj)
 .rodata.ql_power_demo_thread.str1.1
                0x6025106d       0xbf lib/libql_app_power.a(power_demo.c.obj)
 .rodata.usb_hotplug_cb.str1.1
                0x6025112c       0x38 lib/libql_app_power.a(power_demo.c.obj)
 .text.ql_mqtt_app_init
                0x60251164      0x17c lib/libql_app_mqtt.a(mqtt_demo.c.obj)
                0x60251164                ql_mqtt_app_init
 .rodata.__FUNCTION__.15484
                0x602512e0       0x11 lib/libql_app_mqtt.a(mqtt_demo.c.obj)
 .rodata.ql_mqtt_app_init.str1.1
                0x602512f1       0x6c lib/libql_app_mqtt.a(mqtt_demo.c.obj)
 *fill*         0x6025135d        0x1 
 .text._is_value_set
                0x6025135e       0x14 lib/libql_app_mqtt.a(gnss.c.obj)
 .text.conv_num
                0x60251372       0x5a lib/libql_app_mqtt.a(gnss.c.obj)
 .text.ql_gnss_notify_cb
                0x602513cc       0x58 lib/libql_app_mqtt.a(gnss.c.obj)
                0x602513cc                ql_gnss_notify_cb
 .text._split_string_by_comma.constprop.2
                0x60251424       0x24 lib/libql_app_mqtt.a(gnss.c.obj)
 .text.ql_gnss_device_info_request
                0x60251448       0xb0 lib/libql_app_mqtt.a(gnss.c.obj)
                0x60251448                ql_gnss_device_info_request
 .text.nmea_get_checksum
                0x602514f8       0x18 lib/libql_app_mqtt.a(gnss.c.obj)
                0x602514f8                nmea_get_checksum
 .text.nmea_has_checksum
                0x60251510       0x10 lib/libql_app_mqtt.a(gnss.c.obj)
                0x60251510                nmea_has_checksum
 .text.nmea_validate
                0x60251520       0xac lib/libql_app_mqtt.a(gnss.c.obj)
                0x60251520                nmea_validate
 .text.nmea_get_type
                0x602515cc       0x80 lib/libql_app_mqtt.a(gnss.c.obj)
                0x602515cc                nmea_get_type
 .text.nmea_position_parse
                0x6025164c       0x42 lib/libql_app_mqtt.a(gnss.c.obj)
                0x6025164c                nmea_position_parse
 *fill*         0x6025168e        0x2 
 .text.nmea_cardinal_direction_parse
                0x60251690       0x1c lib/libql_app_mqtt.a(gnss.c.obj)
                0x60251690                nmea_cardinal_direction_parse
 .text.nmea_validate_parse
                0x602516ac        0xe lib/libql_app_mqtt.a(gnss.c.obj)
                0x602516ac                nmea_validate_parse
 *fill*         0x602516ba        0x2 
 .text.nmea_parse_txt
                0x602516bc       0x94 lib/libql_app_mqtt.a(gnss.c.obj)
                0x602516bc                nmea_parse_txt
 .text.nmea_parse_gsv
                0x60251750      0x160 lib/libql_app_mqtt.a(gnss.c.obj)
                0x60251750                nmea_parse_gsv
 .text.nmea_parse_gga
                0x602518b0       0xf4 lib/libql_app_mqtt.a(gnss.c.obj)
                0x602518b0                nmea_parse_gga
 .text.nmea_parse_gsa
                0x602519a4       0xb8 lib/libql_app_mqtt.a(gnss.c.obj)
                0x602519a4                nmea_parse_gsa
 .text.nmea_satellite_check
                0x60251a5c       0x8c lib/libql_app_mqtt.a(gnss.c.obj)
                0x60251a5c                nmea_satellite_check
 .text.strptime
                0x60251ae8      0x3fc lib/libql_app_mqtt.a(gnss.c.obj)
                0x60251ae8                strptime
 .text.nmea_time_parse
                0x60251ee4       0x30 lib/libql_app_mqtt.a(gnss.c.obj)
                0x60251ee4                nmea_time_parse
 .text.nmea_date_parse
                0x60251f14       0x30 lib/libql_app_mqtt.a(gnss.c.obj)
                0x60251f14                nmea_date_parse
 .text.nmea_parse_rmc
                0x60251f44      0x148 lib/libql_app_mqtt.a(gnss.c.obj)
                0x60251f44                nmea_parse_rmc
 .text.nmea_parse
                0x6025208c      0x1b0 lib/libql_app_mqtt.a(gnss.c.obj)
                0x6025208c                nmea_parse
 *fill*         0x6025223c        0x4 
 .text.nmea_value_update
                0x60252240      0x418 lib/libql_app_mqtt.a(gnss.c.obj)
                0x60252240                nmea_value_update
 .text.ql_gnss_thread
                0x60252658      0x2cc lib/libql_app_mqtt.a(gnss.c.obj)
                0x60252658                ql_gnss_thread
 .text.gnss_data
                0x60252924       0xec lib/libql_app_mqtt.a(gnss.c.obj)
                0x60252924                gnss_data
 .rodata.CSWTCH.148
                0x60252a10       0x13 lib/libql_app_mqtt.a(gnss.c.obj)
 .rodata.__FUNCTION__.16015
                0x60252a23       0x12 lib/libql_app_mqtt.a(gnss.c.obj)
 .rodata.__FUNCTION__.16019
                0x60252a35        0xf lib/libql_app_mqtt.a(gnss.c.obj)
 .rodata.__FUNCTION__.16075
                0x60252a44       0x1c lib/libql_app_mqtt.a(gnss.c.obj)
 .rodata.__FUNCTION__.16098
                0x60252a60        0xe lib/libql_app_mqtt.a(gnss.c.obj)
 .rodata.__FUNCTION__.16158
                0x60252a6e        0xf lib/libql_app_mqtt.a(gnss.c.obj)
 .rodata.__FUNCTION__.16175
                0x60252a7d        0xf lib/libql_app_mqtt.a(gnss.c.obj)
 .rodata.__FUNCTION__.16201
                0x60252a8c        0xf lib/libql_app_mqtt.a(gnss.c.obj)
 .rodata.__FUNCTION__.16237
                0x60252a9b        0xf lib/libql_app_mqtt.a(gnss.c.obj)
 .rodata.__FUNCTION__.16263
                0x60252aaa        0xf lib/libql_app_mqtt.a(gnss.c.obj)
 .rodata.__FUNCTION__.16288
                0x60252ab9        0xb lib/libql_app_mqtt.a(gnss.c.obj)
 .rodata.__FUNCTION__.16390
                0x60252ac4       0x12 lib/libql_app_mqtt.a(gnss.c.obj)
 .rodata.__FUNCTION__.16414
                0x60252ad6        0xa lib/libql_app_mqtt.a(gnss.c.obj)
 .rodata.abday  0x60252ae0       0x1c lib/libql_app_mqtt.a(gnss.c.obj)
 .rodata.abmon  0x60252afc       0x30 lib/libql_app_mqtt.a(gnss.c.obj)
 .rodata.day    0x60252b2c       0x1c lib/libql_app_mqtt.a(gnss.c.obj)
 .rodata.gnss_data.str1.1
                0x60252b48       0x49 lib/libql_app_mqtt.a(gnss.c.obj)
 *fill*         0x60252b91        0x3 
 .rodata.mon    0x60252b94       0x30 lib/libql_app_mqtt.a(gnss.c.obj)
 .rodata.nmea_date_parse.str1.1
                0x60252bc4        0x7 lib/libql_app_mqtt.a(gnss.c.obj)
 .rodata.nmea_get_type.str1.1
                0x60252bcb       0x18 lib/libql_app_mqtt.a(gnss.c.obj)
 .rodata.nmea_parse.str1.1
                0x60252be3      0x1c2 lib/libql_app_mqtt.a(gnss.c.obj)
 .rodata.nmea_parse_gga.str1.1
                0x60252da5       0x2e lib/libql_app_mqtt.a(gnss.c.obj)
 .rodata.nmea_parse_gsa.str1.1
                0x60252dd3       0x2e lib/libql_app_mqtt.a(gnss.c.obj)
 .rodata.nmea_parse_rmc.str1.1
                0x60252e01       0xe4 lib/libql_app_mqtt.a(gnss.c.obj)
 .rodata.nmea_parse_txt.str1.1
                0x60252ee5       0x30 lib/libql_app_mqtt.a(gnss.c.obj)
 .rodata.nmea_satellite_check.str1.1
                0x60252f15       0x12 lib/libql_app_mqtt.a(gnss.c.obj)
                                 0x15 (size before relaxing)
 .rodata.nmea_time_parse.str1.1
                0x60252f27        0x7 lib/libql_app_mqtt.a(gnss.c.obj)
 .rodata.nmea_validate.str1.1
                0x60252f2e       0x12 lib/libql_app_mqtt.a(gnss.c.obj)
 .rodata.nmea_value_update.str1.1
                0x60252f40      0x20d lib/libql_app_mqtt.a(gnss.c.obj)
 .rodata.ql_gnss_assist_data_delete.str1.1
                0x6025314d       0x77 lib/libql_app_mqtt.a(gnss.c.obj)
                                 0x7a (size before relaxing)
 .rodata.ql_gnss_device_info_request.str1.1
                0x602531c4       0x69 lib/libql_app_mqtt.a(gnss.c.obj)
 .rodata.ql_gnss_notify_cb.str1.1
                0x6025322d       0x64 lib/libql_app_mqtt.a(gnss.c.obj)
 .rodata.ql_gnss_thread.str1.1
                0x60253291      0x11f lib/libql_app_mqtt.a(gnss.c.obj)
 .rodata.str1.1
                0x602533b0       0xd7 lib/libql_app_mqtt.a(gnss.c.obj)
 .rodata.strptime.str1.1
                0x60253487       0x2d lib/libql_app_mqtt.a(gnss.c.obj)
                                 0x30 (size before relaxing)
 .text.makeTime
                0x602534b4       0xd0 lib/libql_app_mqtt.a(rtc.c.obj)
                0x602534b4                makeTime
 .text.setUnknownRtcTime
                0x60253584       0x3c lib/libql_app_mqtt.a(rtc.c.obj)
                0x60253584                setUnknownRtcTime
 .text.timeConversion
                0x602535c0       0x6a lib/libql_app_mqtt.a(rtc.c.obj)
                0x602535c0                timeConversion
 *fill*         0x6025362a        0x2 
 .text.getRtc   0x6025362c      0x1f8 lib/libql_app_mqtt.a(rtc.c.obj)
                0x6025362c                getRtc
 .rodata.__FUNCTION__.16177
                0x60253824       0x12 lib/libql_app_mqtt.a(rtc.c.obj)
 .rodata.__FUNCTION__.16193
                0x60253836        0x7 lib/libql_app_mqtt.a(rtc.c.obj)
 .rodata.getRtc.str1.1
                0x6025383d      0x1a5 lib/libql_app_mqtt.a(rtc.c.obj)
 .rodata.monthDays
                0x602539e2        0xc lib/libql_app_mqtt.a(rtc.c.obj)
 .rodata.setUnknownRtcTime.str1.1
                0x602539ee       0x2d lib/libql_app_mqtt.a(rtc.c.obj)
 *fill*         0x60253a1b        0x1 
 .text.payLoadAutoUpload
                0x60253a1c      0x108 lib/libql_app_mqtt.a(autoUploadProcess.c.obj)
                0x60253a1c                payLoadAutoUpload
 .text.autoUploadProcess_thread
                0x60253b24       0x5c lib/libql_app_mqtt.a(autoUploadProcess.c.obj)
                0x60253b24                autoUploadProcess_thread
 .rodata.__FUNCTION__.15701
                0x60253b80       0x12 lib/libql_app_mqtt.a(autoUploadProcess.c.obj)
 .rodata.__FUNCTION__.15709
                0x60253b92       0x19 lib/libql_app_mqtt.a(autoUploadProcess.c.obj)
 .rodata.autoUploadProcess_thread.str1.1
                0x60253bab       0x7e lib/libql_app_mqtt.a(autoUploadProcess.c.obj)
 .rodata.payLoadAutoUpload.str1.1
                0x60253c29       0x39 lib/libql_app_mqtt.a(autoUploadProcess.c.obj)
 *fill*         0x60253c62        0x2 
 .text.addingOffsetAndSlotTime
                0x60253c64       0x58 lib/libql_app_mqtt.a(ilmProcess.c.obj)
                0x60253c64                addingOffsetAndSlotTime
 .text.astroLoadOnOffTime
                0x60253cbc       0x84 lib/libql_app_mqtt.a(ilmProcess.c.obj)
                0x60253cbc                astroLoadOnOffTime
 .text.lampStateUpdater
                0x60253d40       0x30 lib/libql_app_mqtt.a(ilmProcess.c.obj)
                0x60253d40                lampStateUpdater
 .text.faultCounterReset
                0x60253d70       0x80 lib/libql_app_mqtt.a(ilmProcess.c.obj)
                0x60253d70                faultCounterReset
 .text.astroLatLongAutoSet
                0x60253df0       0x38 lib/libql_app_mqtt.a(ilmProcess.c.obj)
                0x60253df0                astroLatLongAutoSet
 .text.astroTime
                0x60253e28      0x25c lib/libql_app_mqtt.a(ilmProcess.c.obj)
                0x60253e28                astroTime
 .text.maxPayLoadChecker
                0x60254084       0x9c lib/libql_app_mqtt.a(ilmProcess.c.obj)
                0x60254084                maxPayLoadChecker
 .text.lampBurnTimeRoutine
                0x60254120       0xb4 lib/libql_app_mqtt.a(ilmProcess.c.obj)
                0x60254120                lampBurnTimeRoutine
 .text.nulampOnCom
                0x602541d4       0x5c lib/libql_app_mqtt.a(ilmProcess.c.obj)
                0x602541d4                nulampOnCom
 .text.nulampOffCom
                0x60254230       0x5c lib/libql_app_mqtt.a(ilmProcess.c.obj)
                0x60254230                nulampOffCom
 .text.nulampDimCom
                0x6025428c       0x70 lib/libql_app_mqtt.a(ilmProcess.c.obj)
                0x6025428c                nulampDimCom
 .text.lampAction
                0x602542fc       0xa4 lib/libql_app_mqtt.a(ilmProcess.c.obj)
                0x602542fc                lampAction
 .text.gmtDaySecToLocalDaySec
                0x602543a0       0x78 lib/libql_app_mqtt.a(ilmProcess.c.obj)
                0x602543a0                gmtDaySecToLocalDaySec
 .text.slotFinder
                0x60254418       0x78 lib/libql_app_mqtt.a(ilmProcess.c.obj)
                0x60254418                slotFinder
 .text.slotSorter
                0x60254490       0x30 lib/libql_app_mqtt.a(ilmProcess.c.obj)
                0x60254490                slotSorter
 .text.slotAction
                0x602544c0      0x21c lib/libql_app_mqtt.a(ilmProcess.c.obj)
                0x602544c0                slotAction
 .text.ilmProcess_thread
                0x602546dc      0x810 lib/libql_app_mqtt.a(ilmProcess.c.obj)
                0x602546dc                ilmProcess_thread
 .rodata.__FUNCTION__.17159
                0x60254eec       0x18 lib/libql_app_mqtt.a(ilmProcess.c.obj)
 .rodata.__FUNCTION__.17164
                0x60254f04       0x13 lib/libql_app_mqtt.a(ilmProcess.c.obj)
 .rodata.__FUNCTION__.17193
                0x60254f17        0xa lib/libql_app_mqtt.a(ilmProcess.c.obj)
 .rodata.__FUNCTION__.17201
                0x60254f21       0x12 lib/libql_app_mqtt.a(ilmProcess.c.obj)
 .rodata.__FUNCTION__.17211
                0x60254f33       0x14 lib/libql_app_mqtt.a(ilmProcess.c.obj)
 .rodata.__FUNCTION__.17247
                0x60254f47        0xb lib/libql_app_mqtt.a(ilmProcess.c.obj)
 .rodata.__FUNCTION__.17260
                0x60254f52       0x17 lib/libql_app_mqtt.a(ilmProcess.c.obj)
 .rodata.__FUNCTION__.17274
                0x60254f69        0xb lib/libql_app_mqtt.a(ilmProcess.c.obj)
 .rodata.__FUNCTION__.17299
                0x60254f74        0xb lib/libql_app_mqtt.a(ilmProcess.c.obj)
 .rodata.__FUNCTION__.17319
                0x60254f7f       0x12 lib/libql_app_mqtt.a(ilmProcess.c.obj)
 .rodata.addingOffsetAndSlotTime.str1.1
                0x60254f91       0x94 lib/libql_app_mqtt.a(ilmProcess.c.obj)
 .rodata.astroLoadOnOffTime.str1.1
                0x60255025       0xd4 lib/libql_app_mqtt.a(ilmProcess.c.obj)
 .rodata.astroTime.str1.1
                0x602550f9       0xf4 lib/libql_app_mqtt.a(ilmProcess.c.obj)
 .rodata.gmtDaySecToLocalDaySec.str1.1
                0x602551ed       0x2d lib/libql_app_mqtt.a(ilmProcess.c.obj)
 .rodata.ilmProcess_thread.str1.1
                0x6025521a      0x681 lib/libql_app_mqtt.a(ilmProcess.c.obj)
 .rodata.lampAction.str1.1
                0x6025589b       0xb9 lib/libql_app_mqtt.a(ilmProcess.c.obj)
 .rodata.lampBurnTimeRoutine.str1.1
                0x60255954       0x9f lib/libql_app_mqtt.a(ilmProcess.c.obj)
 .rodata.maxPayLoadChecker.str1.1
                0x602559f3       0x95 lib/libql_app_mqtt.a(ilmProcess.c.obj)
 .rodata.nulampDimCom.str1.1
                0x60255a88        0xa lib/libql_app_mqtt.a(ilmProcess.c.obj)
 .rodata.slotAction.str1.1
                0x60255a92      0x18d lib/libql_app_mqtt.a(ilmProcess.c.obj)
 .rodata.slotFinder.str1.1
                0x60255c1f       0x29 lib/libql_app_mqtt.a(ilmProcess.c.obj)
 .text.mqtt_state_exception_cb
                0x60255c48       0x28 lib/libql_app_mqtt.a(mqttProcess.c.obj)
 .text.mqtt_requst_subUnsub_result_cb
                0x60255c70       0x3c lib/libql_app_mqtt.a(mqttProcess.c.obj)
 .text.mqtt_connect_result_cb
                0x60255cac       0x3c lib/libql_app_mqtt.a(mqttProcess.c.obj)
 .text.mqtt_inpub_data_cb
                0x60255ce8       0x64 lib/libql_app_mqtt.a(mqttProcess.c.obj)
 .text.mqtt_requst_result_cb
                0x60255d4c       0x60 lib/libql_app_mqtt.a(mqttProcess.c.obj)
 .text.check_operator
                0x60255dac      0x194 lib/libql_app_mqtt.a(mqttProcess.c.obj)
                0x60255dac                check_operator
 .text.mqtt_init
                0x60255f40       0x28 lib/libql_app_mqtt.a(mqttProcess.c.obj)
                0x60255f40                mqtt_init
 .text.mqttConnectProcess
                0x60255f68      0x2ac lib/libql_app_mqtt.a(mqttProcess.c.obj)
                0x60255f68                mqttConnectProcess
 .text.airplane_mode
                0x60256214       0x54 lib/libql_app_mqtt.a(mqttProcess.c.obj)
                0x60256214                airplane_mode
 .text.networkCheckRecovery
                0x60256268       0x54 lib/libql_app_mqtt.a(mqttProcess.c.obj)
                0x60256268                networkCheckRecovery
 .text.mqtt_publish
                0x602562bc      0x130 lib/libql_app_mqtt.a(mqttProcess.c.obj)
                0x602562bc                mqtt_publish
 .text.mqttProcess_thread
                0x602563ec       0xc0 lib/libql_app_mqtt.a(mqttProcess.c.obj)
                0x602563ec                mqttProcess_thread
 .rodata.__FUNCTION__.15952
                0x602564ac       0x18 lib/libql_app_mqtt.a(mqttProcess.c.obj)
 .rodata.__FUNCTION__.15958
                0x602564c4       0x17 lib/libql_app_mqtt.a(mqttProcess.c.obj)
 .rodata.__FUNCTION__.15964
                0x602564db       0x1f lib/libql_app_mqtt.a(mqttProcess.c.obj)
 .rodata.__FUNCTION__.15971
                0x602564fa       0x16 lib/libql_app_mqtt.a(mqttProcess.c.obj)
 .rodata.__FUNCTION__.15980
                0x60256510       0x13 lib/libql_app_mqtt.a(mqttProcess.c.obj)
 .rodata.__FUNCTION__.15988
                0x60256523        0xf lib/libql_app_mqtt.a(mqttProcess.c.obj)
 .rodata.__FUNCTION__.16010
                0x60256532       0x13 lib/libql_app_mqtt.a(mqttProcess.c.obj)
 .rodata.__FUNCTION__.16021
                0x60256545        0xe lib/libql_app_mqtt.a(mqttProcess.c.obj)
 .rodata.__FUNCTION__.16037
                0x60256553        0xd lib/libql_app_mqtt.a(mqttProcess.c.obj)
 .rodata.__FUNCTION__.16043
                0x60256560       0x13 lib/libql_app_mqtt.a(mqttProcess.c.obj)
 .rodata.airplane_mode.str1.1
                0x60256573       0x5b lib/libql_app_mqtt.a(mqttProcess.c.obj)
 .rodata.check_operator.str1.1
                0x602565ce      0x191 lib/libql_app_mqtt.a(mqttProcess.c.obj)
 .rodata.mqttConnectProcess.str1.1
                0x6025675f      0x372 lib/libql_app_mqtt.a(mqttProcess.c.obj)
 .rodata.mqttProcess_thread.str1.1
                0x60256ad1       0x51 lib/libql_app_mqtt.a(mqttProcess.c.obj)
 .rodata.mqtt_connect_result_cb.str1.1
                0x60256b22       0x3a lib/libql_app_mqtt.a(mqttProcess.c.obj)
 .rodata.mqtt_inpub_data_cb.str1.1
                0x60256b5c       0x42 lib/libql_app_mqtt.a(mqttProcess.c.obj)
 .rodata.mqtt_publish.str1.1
                0x60256b9e      0x1cf lib/libql_app_mqtt.a(mqttProcess.c.obj)
 .rodata.mqtt_requst_result_cb.str1.1
                0x60256d6d       0x57 lib/libql_app_mqtt.a(mqttProcess.c.obj)
 .rodata.mqtt_requst_subUnsub_result_cb.str1.1
                0x60256dc4       0x3b lib/libql_app_mqtt.a(mqttProcess.c.obj)
 .rodata.mqtt_state_exception_cb.str1.1
                0x60256dff       0x39 lib/libql_app_mqtt.a(mqttProcess.c.obj)
 .text.onBootProcess_thread
                0x60256e38      0x1cc lib/libql_app_mqtt.a(onBootProcess.c.obj)
                0x60256e38                onBootProcess_thread
 .rodata.__FUNCTION__.16050
                0x60257004       0x15 lib/libql_app_mqtt.a(onBootProcess.c.obj)
 .rodata.onBootProcess_thread.str1.1
                0x60257019      0x174 lib/libql_app_mqtt.a(onBootProcess.c.obj)
 *fill*         0x6025718d        0x3 
 .text.burnTimeStore
                0x60257190       0x40 lib/libql_app_mqtt.a(periodicProcess.c.obj)
                0x60257190                burnTimeStore
 .text.periodicProcess_thread
                0x602571d0      0x118 lib/libql_app_mqtt.a(periodicProcess.c.obj)
                0x602571d0                periodicProcess_thread
 .rodata.__FUNCTION__.16037
                0x602572e8        0xe lib/libql_app_mqtt.a(periodicProcess.c.obj)
 .rodata.__FUNCTION__.16046
                0x602572f6       0x17 lib/libql_app_mqtt.a(periodicProcess.c.obj)
 .rodata.burnTimeStore.str1.1
                0x6025730d       0x26 lib/libql_app_mqtt.a(periodicProcess.c.obj)
 .rodata.periodicProcess_thread.str1.1
                0x60257333       0xd1 lib/libql_app_mqtt.a(periodicProcess.c.obj)
 .text.uC_Checksum
                0x60257404       0x1c lib/libql_app_mqtt.a(acParam.c.obj)
                0x60257404                uC_Checksum
 .text.acMeasureCheck
                0x60257420      0x25c lib/libql_app_mqtt.a(acParam.c.obj)
                0x60257420                acMeasureCheck
 .text.nuAckCheck
                0x6025767c       0x90 lib/libql_app_mqtt.a(acParam.c.obj)
                0x6025767c                nuAckCheck
 .text.acMeasure
                0x6025770c       0x74 lib/libql_app_mqtt.a(acParam.c.obj)
                0x6025770c                acMeasure
 .rodata.__FUNCTION__.15542
                0x60257780        0xf lib/libql_app_mqtt.a(acParam.c.obj)
 .rodata.__FUNCTION__.15549
                0x6025778f        0xb lib/libql_app_mqtt.a(acParam.c.obj)
 .rodata.__FUNCTION__.15558
                0x6025779a        0xa lib/libql_app_mqtt.a(acParam.c.obj)
 .rodata.acMeasure.str1.1
                0x602577a4       0x23 lib/libql_app_mqtt.a(acParam.c.obj)
 .rodata.acMeasureCheck.str1.1
                0x602577c7       0xc9 lib/libql_app_mqtt.a(acParam.c.obj)
 .rodata.nuAckCheck.str1.1
                0x60257890       0x4f lib/libql_app_mqtt.a(acParam.c.obj)
 *fill*         0x602578df        0x1 
 .text.ql_uart_notify_cb
                0x602578e0       0xa0 lib/libql_app_mqtt.a(coControllerProcess.c.obj)
                0x602578e0                ql_uart_notify_cb
 .text.uart_init
                0x60257980       0xc0 lib/libql_app_mqtt.a(coControllerProcess.c.obj)
                0x60257980                uart_init
 .text.uart_data_req
                0x60257a40       0x68 lib/libql_app_mqtt.a(coControllerProcess.c.obj)
                0x60257a40                uart_data_req
 .text.uC_input_handler
                0x60257aa8       0xc4 lib/libql_app_mqtt.a(coControllerProcess.c.obj)
                0x60257aa8                uC_input_handler
 .rodata.__FUNCTION__.15646
                0x60257b6c       0x12 lib/libql_app_mqtt.a(coControllerProcess.c.obj)
 .rodata.__FUNCTION__.15658
                0x60257b7e        0xa lib/libql_app_mqtt.a(coControllerProcess.c.obj)
 .rodata.__FUNCTION__.15664
                0x60257b88        0xe lib/libql_app_mqtt.a(coControllerProcess.c.obj)
 .rodata.endSync
                0x60257b96        0x2 lib/libql_app_mqtt.a(coControllerProcess.c.obj)
                0x60257b96                endSync
 .rodata.ql_uart_notify_cb.str1.1
                0x60257b98       0x51 lib/libql_app_mqtt.a(coControllerProcess.c.obj)
 .rodata.startSync
                0x60257be9        0x2 lib/libql_app_mqtt.a(coControllerProcess.c.obj)
                0x60257be9                startSync
 .rodata.uart_data_req.str1.1
                0x60257beb       0x4b lib/libql_app_mqtt.a(coControllerProcess.c.obj)
 .rodata.uart_init.str1.1
                0x60257c36       0xac lib/libql_app_mqtt.a(coControllerProcess.c.obj)
 *fill*         0x60257ce2        0x2 
 .text.faultChecker
                0x60257ce4      0x27c lib/libql_app_mqtt.a(faultChecker.c.obj)
                0x60257ce4                faultChecker
 .text.faultsFilter
                0x60257f60      0x258 lib/libql_app_mqtt.a(faultChecker.c.obj)
                0x60257f60                faultsFilter
 .text.faultEventGenerator
                0x602581b8      0x288 lib/libql_app_mqtt.a(faultChecker.c.obj)
                0x602581b8                faultEventGenerator
 .text.faultCheckRoutine
                0x60258440       0x38 lib/libql_app_mqtt.a(faultChecker.c.obj)
                0x60258440                faultCheckRoutine
 .rodata.__FUNCTION__.15610
                0x60258478        0xd lib/libql_app_mqtt.a(faultChecker.c.obj)
 .rodata.__FUNCTION__.15617
                0x60258485        0xd lib/libql_app_mqtt.a(faultChecker.c.obj)
 .rodata.__FUNCTION__.15623
                0x60258492       0x14 lib/libql_app_mqtt.a(faultChecker.c.obj)
 .rodata.faultChecker.str1.1
                0x602584a6      0x175 lib/libql_app_mqtt.a(faultChecker.c.obj)
 .rodata.faultEventGenerator.str1.1
                0x6025861b      0x432 lib/libql_app_mqtt.a(faultChecker.c.obj)
 .rodata.faultsFilter.str1.1
                0x60258a4d      0x23b lib/libql_app_mqtt.a(faultChecker.c.obj)
 .text.crc8_cal
                0x60258c88       0x3e lib/libql_app_mqtt.a(memoryHandler.c.obj)
                0x60258c88                crc8_cal
 *fill*         0x60258cc6        0x2 
 .text.nvmWriteResetFile
                0x60258cc8       0x8c lib/libql_app_mqtt.a(memoryHandler.c.obj)
                0x60258cc8                nvmWriteResetFile
 .text.nvmReadResetFile
                0x60258d54       0x64 lib/libql_app_mqtt.a(memoryHandler.c.obj)
                0x60258d54                nvmReadResetFile
 .text.nvmWriteAstroFile
                0x60258db8       0x94 lib/libql_app_mqtt.a(memoryHandler.c.obj)
                0x60258db8                nvmWriteAstroFile
 .text.nvmWriteAstroFileBackup
                0x60258e4c       0x94 lib/libql_app_mqtt.a(memoryHandler.c.obj)
                0x60258e4c                nvmWriteAstroFileBackup
 .text.nvmWrireAstroFileWithBackup
                0x60258ee0        0xe lib/libql_app_mqtt.a(memoryHandler.c.obj)
                0x60258ee0                nvmWrireAstroFileWithBackup
 *fill*         0x60258eee        0x2 
 .text.nvmReadAstroBackUpFile
                0x60258ef0       0x7c lib/libql_app_mqtt.a(memoryHandler.c.obj)
                0x60258ef0                nvmReadAstroBackUpFile
 .text.nvmReadAstroFile
                0x60258f6c       0x7c lib/libql_app_mqtt.a(memoryHandler.c.obj)
                0x60258f6c                nvmReadAstroFile
 .text.loadDefualtAstroFile
                0x60258fe8       0x68 lib/libql_app_mqtt.a(memoryHandler.c.obj)
                0x60258fe8                loadDefualtAstroFile
 .text.nvmReadAstroFileWithBackup
                0x60259050       0x40 lib/libql_app_mqtt.a(memoryHandler.c.obj)
                0x60259050                nvmReadAstroFileWithBackup
 .text.loadIlmDefaultConfig
                0x60259090      0x104 lib/libql_app_mqtt.a(memoryHandler.c.obj)
                0x60259090                loadIlmDefaultConfig
 .text.nvmWriteIlmConfigBackUp
                0x60259194       0x94 lib/libql_app_mqtt.a(memoryHandler.c.obj)
                0x60259194                nvmWriteIlmConfigBackUp
 .text.nvmWriteIlmConfig
                0x60259228      0x39c lib/libql_app_mqtt.a(memoryHandler.c.obj)
                0x60259228                nvmWriteIlmConfig
 .text.nvmReadIlmConfigBackUp
                0x602595c4       0xa0 lib/libql_app_mqtt.a(memoryHandler.c.obj)
                0x602595c4                nvmReadIlmConfigBackUp
 .text.nvmReadIlmConfig
                0x60259664      0x3b4 lib/libql_app_mqtt.a(memoryHandler.c.obj)
                0x60259664                nvmReadIlmConfig
 .text.fileReadDu
                0x60259a18       0xcc lib/libql_app_mqtt.a(memoryHandler.c.obj)
                0x60259a18                fileReadDu
 .text.fsDataWrite
                0x60259ae4      0x188 lib/libql_app_mqtt.a(memoryHandler.c.obj)
                0x60259ae4                fsDataWrite
 .text.fsDataRead
                0x60259c6c       0x34 lib/libql_app_mqtt.a(memoryHandler.c.obj)
                0x60259c6c                fsDataRead
 .text.fsDataUpdateUploadState
                0x60259ca0       0xdc lib/libql_app_mqtt.a(memoryHandler.c.obj)
                0x60259ca0                fsDataUpdateUploadState
 .rodata.__FUNCTION__.15698
                0x60259d7c       0x12 lib/libql_app_mqtt.a(memoryHandler.c.obj)
 .rodata.__FUNCTION__.15704
                0x60259d8e       0x11 lib/libql_app_mqtt.a(memoryHandler.c.obj)
 .rodata.__FUNCTION__.15710
                0x60259d9f       0x12 lib/libql_app_mqtt.a(memoryHandler.c.obj)
 .rodata.__FUNCTION__.15716
                0x60259db1       0x18 lib/libql_app_mqtt.a(memoryHandler.c.obj)
 .rodata.__FUNCTION__.15725
                0x60259dc9       0x17 lib/libql_app_mqtt.a(memoryHandler.c.obj)
 .rodata.__FUNCTION__.15732
                0x60259de0       0x11 lib/libql_app_mqtt.a(memoryHandler.c.obj)
 .rodata.__FUNCTION__.15735
                0x60259df1       0x15 lib/libql_app_mqtt.a(memoryHandler.c.obj)
 .rodata.__FUNCTION__.15738
                0x60259e06       0x1b lib/libql_app_mqtt.a(memoryHandler.c.obj)
 .rodata.__FUNCTION__.15742
                0x60259e21       0x15 lib/libql_app_mqtt.a(memoryHandler.c.obj)
 .rodata.__FUNCTION__.15749
                0x60259e36       0x18 lib/libql_app_mqtt.a(memoryHandler.c.obj)
 .rodata.__FUNCTION__.15754
                0x60259e4e       0x12 lib/libql_app_mqtt.a(memoryHandler.c.obj)
 .rodata.__FUNCTION__.15761
                0x60259e60       0x17 lib/libql_app_mqtt.a(memoryHandler.c.obj)
 .rodata.__FUNCTION__.15767
                0x60259e77       0x11 lib/libql_app_mqtt.a(memoryHandler.c.obj)
 .rodata.__FUNCTION__.15775
                0x60259e88        0xb lib/libql_app_mqtt.a(memoryHandler.c.obj)
 .rodata.__FUNCTION__.15785
                0x60259e93       0x18 lib/libql_app_mqtt.a(memoryHandler.c.obj)
 .rodata.__FUNCTION__.15797
                0x60259eab        0xc lib/libql_app_mqtt.a(memoryHandler.c.obj)
 .rodata.fileReadDu.str1.1
                0x60259eb7       0xb3 lib/libql_app_mqtt.a(memoryHandler.c.obj)
                                 0xb7 (size before relaxing)
 .rodata.fsDataUpdateUploadState.str1.1
                0x60259f6a       0xe0 lib/libql_app_mqtt.a(memoryHandler.c.obj)
 .rodata.fsDataWrite.str1.1
                0x6025a04a      0x11c lib/libql_app_mqtt.a(memoryHandler.c.obj)
 .rodata.loadDefualtAstroFile.str1.1
                0x6025a166       0x36 lib/libql_app_mqtt.a(memoryHandler.c.obj)
 .rodata.loadIlmDefaultConfig.str1.1
                0x6025a19c       0x3c lib/libql_app_mqtt.a(memoryHandler.c.obj)
                                 0x40 (size before relaxing)
 .rodata.nvmReadAstroBackUpFile.str1.1
                0x6025a1d8       0x91 lib/libql_app_mqtt.a(memoryHandler.c.obj)
 .rodata.nvmReadAstroFile.str1.1
                0x6025a269       0x85 lib/libql_app_mqtt.a(memoryHandler.c.obj)
 .rodata.nvmReadAstroFileWithBackup.str1.1
                0x6025a2ee       0x7c lib/libql_app_mqtt.a(memoryHandler.c.obj)
 .rodata.nvmReadIlmConfig.str1.1
                0x6025a36a      0xaf0 lib/libql_app_mqtt.a(memoryHandler.c.obj)
 .rodata.nvmReadIlmConfigBackUp.str1.1
                0x6025ae5a       0xd4 lib/libql_app_mqtt.a(memoryHandler.c.obj)
 .rodata.nvmReadResetFile.str1.1
                0x6025af2e       0x76 lib/libql_app_mqtt.a(memoryHandler.c.obj)
 .rodata.nvmWriteAstroFile.str1.1
                0x6025afa4      0x10c lib/libql_app_mqtt.a(memoryHandler.c.obj)
 .rodata.nvmWriteAstroFileBackup.str1.1
                0x6025b0b0       0xdd lib/libql_app_mqtt.a(memoryHandler.c.obj)
 .rodata.nvmWriteIlmConfig.str1.1
                0x6025b18d      0xa76 lib/libql_app_mqtt.a(memoryHandler.c.obj)
 .rodata.nvmWriteIlmConfigBackUp.str1.1
                0x6025bc03       0xc5 lib/libql_app_mqtt.a(memoryHandler.c.obj)
 .rodata.nvmWriteResetFile.str1.1
                0x6025bcc8       0xee lib/libql_app_mqtt.a(memoryHandler.c.obj)
 .text.instaGetPowerFailSense
                0x6025bdb6       0x1e lib/libql_app_mqtt.a(powerFailHandler.c.obj)
                0x6025bdb6                instaGetPowerFailSense
 .text.getPowerFailSense
                0x6025bdd4       0x5c lib/libql_app_mqtt.a(powerFailHandler.c.obj)
                0x6025bdd4                getPowerFailSense
 .text.inBatteryModeCheck
                0x6025be30       0x44 lib/libql_app_mqtt.a(powerFailHandler.c.obj)
                0x6025be30                inBatteryModeCheck
 .text.inAcModeCheck
                0x6025be74       0x44 lib/libql_app_mqtt.a(powerFailHandler.c.obj)
                0x6025be74                inAcModeCheck
 .text.acFlickerDetectionBat2PWR
                0x6025beb8       0x3c lib/libql_app_mqtt.a(powerFailHandler.c.obj)
                0x6025beb8                acFlickerDetectionBat2PWR
 .text.acFlickerDetectionPWR2BAT
                0x6025bef4       0x3c lib/libql_app_mqtt.a(powerFailHandler.c.obj)
                0x6025bef4                acFlickerDetectionPWR2BAT
 .text.powerFailSenseRoutine
                0x6025bf30      0x1cc lib/libql_app_mqtt.a(powerFailHandler.c.obj)
                0x6025bf30                powerFailSenseRoutine
 .text.batKillAction
                0x6025c0fc       0x6c lib/libql_app_mqtt.a(powerFailHandler.c.obj)
                0x6025c0fc                batKillAction
 .rodata.__FUNCTION__.15838
                0x6025c168       0x12 lib/libql_app_mqtt.a(powerFailHandler.c.obj)
 .rodata.__FUNCTION__.15845
                0x6025c17a       0x13 lib/libql_app_mqtt.a(powerFailHandler.c.obj)
 .rodata.__FUNCTION__.15852
                0x6025c18d        0xe lib/libql_app_mqtt.a(powerFailHandler.c.obj)
 .rodata.__FUNCTION__.15861
                0x6025c19b       0x1a lib/libql_app_mqtt.a(powerFailHandler.c.obj)
 .rodata.__FUNCTION__.15868
                0x6025c1b5       0x1a lib/libql_app_mqtt.a(powerFailHandler.c.obj)
 .rodata.__FUNCTION__.15878
                0x6025c1cf       0x16 lib/libql_app_mqtt.a(powerFailHandler.c.obj)
 .rodata.__FUNCTION__.15888
                0x6025c1e5        0xe lib/libql_app_mqtt.a(powerFailHandler.c.obj)
 .rodata.acFlickerDetectionBat2PWR.str1.1
                0x6025c1f3       0x33 lib/libql_app_mqtt.a(powerFailHandler.c.obj)
 .rodata.acFlickerDetectionPWR2BAT.str1.1
                0x6025c226       0x33 lib/libql_app_mqtt.a(powerFailHandler.c.obj)
 .rodata.batKillAction.str1.1
                0x6025c259       0x7f lib/libql_app_mqtt.a(powerFailHandler.c.obj)
 .rodata.getPowerFailSense.str1.1
                0x6025c2d8       0x2f lib/libql_app_mqtt.a(powerFailHandler.c.obj)
 .rodata.inAcModeCheck.str1.1
                0x6025c307       0x28 lib/libql_app_mqtt.a(powerFailHandler.c.obj)
 .rodata.inBatteryModeCheck.str1.1
                0x6025c32f       0x2b lib/libql_app_mqtt.a(powerFailHandler.c.obj)
 .rodata.powerFailSenseRoutine.str1.1
                0x6025c35a       0xe9 lib/libql_app_mqtt.a(powerFailHandler.c.obj)
 *fill*         0x6025c443        0x1 
 .text.publish_data
                0x6025c444      0x358 lib/libql_app_mqtt.a(publishData.c.obj)
                0x6025c444                publish_data
 .text.publish_config
                0x6025c79c      0x320 lib/libql_app_mqtt.a(publishData.c.obj)
                0x6025c79c                publish_config
 .text.fsPayloadUpload
                0x6025cabc      0x1e0 lib/libql_app_mqtt.a(publishData.c.obj)
                0x6025cabc                fsPayloadUpload
 .rodata.__FUNCTION__.16318
                0x6025cc9c        0xd lib/libql_app_mqtt.a(publishData.c.obj)
 .rodata.__FUNCTION__.16341
                0x6025cca9        0xf lib/libql_app_mqtt.a(publishData.c.obj)
 .rodata.__FUNCTION__.16352
                0x6025ccb8       0x10 lib/libql_app_mqtt.a(publishData.c.obj)
 .rodata.fsPayloadUpload.str1.1
                0x6025ccc8      0x212 lib/libql_app_mqtt.a(publishData.c.obj)
                                0x216 (size before relaxing)
 .rodata.ifirmver
                0x6025ceda       0x11 lib/libql_app_mqtt.a(publishData.c.obj)
                0x6025ceda                ifirmver
 .rodata.publish_config.str1.1
                0x6025ceeb       0x9e lib/libql_app_mqtt.a(publishData.c.obj)
 .rodata.publish_data.str1.1
                0x6025cf89      0x218 lib/libql_app_mqtt.a(publishData.c.obj)
 *fill*         0x6025d1a1        0x3 
 .text.pub_handler
                0x6025d1a4      0x5cc lib/libql_app_mqtt.a(rpcHandler.c.obj)
                0x6025d1a4                pub_handler
 .rodata.__FUNCTION__.16013
                0x6025d770        0xc lib/libql_app_mqtt.a(rpcHandler.c.obj)
 .rodata.methodString
                0x6025d77c       0x2a lib/libql_app_mqtt.a(rpcHandler.c.obj)
                0x6025d77c                methodString
 .rodata.pub_handler.str1.1
                0x6025d7a6      0x3c4 lib/libql_app_mqtt.a(rpcHandler.c.obj)
 *fill*         0x6025db6a        0x2 
 .text.UserDefinedStar
                0x6025db6c       0x2c lib/libql_app_mqtt.a(astronomy.c.obj)
 .text.VecDecr  0x6025db98       0x2a lib/libql_app_mqtt.a(astronomy.c.obj)
 .text.VecScale
                0x6025dbc2       0x26 lib/libql_app_mqtt.a(astronomy.c.obj)
 .text.VecError
                0x6025dbe8       0x44 lib/libql_app_mqtt.a(astronomy.c.obj)
 .text.StateVecError
                0x6025dc2c       0x50 lib/libql_app_mqtt.a(astronomy.c.obj)
 .text.EquError
                0x6025dc7c       0x5c lib/libql_app_mqtt.a(astronomy.c.obj)
 .text.Astronomy_DeltaT_EspenakMeeus
                0x6025dcd8      0x6c4 lib/libql_app_mqtt.a(astronomy.c.obj)
                0x6025dcd8                Astronomy_DeltaT_EspenakMeeus
 *fill*         0x6025e39c        0x4 
 .text.TerrestrialTime
                0x6025e3a0       0x34 lib/libql_app_mqtt.a(astronomy.c.obj)
 .text.rotate   0x6025e3d4       0x7a lib/libql_app_mqtt.a(astronomy.c.obj)
 *fill*         0x6025e44e        0x2 
 .text.Term     0x6025e450       0x7c lib/libql_app_mqtt.a(astronomy.c.obj)
 .text.AddSol   0x6025e4cc       0x50 lib/libql_app_mqtt.a(astronomy.c.obj)
 *fill*         0x6025e51c        0x4 
 .text.VsopRotate
                0x6025e520       0x78 lib/libql_app_mqtt.a(astronomy.c.obj)
 .text.AscentError
                0x6025e598       0x40 lib/libql_app_mqtt.a(astronomy.c.obj)
 .text.AddAcceleration
                0x6025e5d8       0x62 lib/libql_app_mqtt.a(astronomy.c.obj)
 *fill*         0x6025e63a        0x6 
 .text.SmallBodyAcceleration
                0x6025e640      0x108 lib/libql_app_mqtt.a(astronomy.c.obj)
 .text.VsopCoords
                0x6025e748       0xc0 lib/libql_app_mqtt.a(astronomy.c.obj)
 .text.e_tilt   0x6025e808      0x488 lib/libql_app_mqtt.a(astronomy.c.obj)
 .text.Sine     0x6025ec90       0x18 lib/libql_app_mqtt.a(astronomy.c.obj)
 .text.VsopSphereToRect
                0x6025eca8       0x5a lib/libql_app_mqtt.a(astronomy.c.obj)
 *fill*         0x6025ed02        0x6 
 .text.CalcVsop
                0x6025ed08       0x80 lib/libql_app_mqtt.a(astronomy.c.obj)
 .text.AdjustBarycenter
                0x6025ed88       0x94 lib/libql_app_mqtt.a(astronomy.c.obj)
 *fill*         0x6025ee1c        0x4 
 .text.CalcVsopPosVel
                0x6025ee20      0x1f8 lib/libql_app_mqtt.a(astronomy.c.obj)
 .text.spin     0x6025f018       0x68 lib/libql_app_mqtt.a(astronomy.c.obj)
 .text.terra    0x6025f080      0x140 lib/libql_app_mqtt.a(astronomy.c.obj)
 .text.vector2radec
                0x6025f1c0      0x140 lib/libql_app_mqtt.a(astronomy.c.obj)
 .text.ExportState.isra.0
                0x6025f300       0x48 lib/libql_app_mqtt.a(astronomy.c.obj)
 .text.obl_ecl2equ_vec.isra.6
                0x6025f348       0x68 lib/libql_app_mqtt.a(astronomy.c.obj)
 .text.precession_rot.isra.8
                0x6025f3b0      0x270 lib/libql_app_mqtt.a(astronomy.c.obj)
 .text.precession.isra.9
                0x6025f620       0x1c lib/libql_app_mqtt.a(astronomy.c.obj)
 .text.RotationErr.constprop.37
                0x6025f63c       0x3c lib/libql_app_mqtt.a(astronomy.c.obj)
 .text.nutation_rot
                0x6025f678      0x128 lib/libql_app_mqtt.a(astronomy.c.obj)
 .text.nutation
                0x6025f7a0       0x1c lib/libql_app_mqtt.a(astronomy.c.obj)
 *fill*         0x6025f7bc        0x4 
 .text.AdjustBarycenterPosVel
                0x6025f7c0       0x9c lib/libql_app_mqtt.a(astronomy.c.obj)
 *fill*         0x6025f85c        0x4 
 .text.MajorBodyBary
                0x6025f860      0x1c0 lib/libql_app_mqtt.a(astronomy.c.obj)
 .text.GravFromState
                0x6025fa20       0x9c lib/libql_app_mqtt.a(astronomy.c.obj)
 *fill*         0x6025fabc        0x4 
 .text.CalcMoon
                0x6025fac0     0x220c lib/libql_app_mqtt.a(astronomy.c.obj)
 .text.Astronomy_VectorLength
                0x60261ccc       0x24 lib/libql_app_mqtt.a(astronomy.c.obj)
                0x60261ccc                Astronomy_VectorLength
 .text.Astronomy_TimeFromDays
                0x60261cf0       0x34 lib/libql_app_mqtt.a(astronomy.c.obj)
                0x60261cf0                Astronomy_TimeFromDays
 *fill*         0x60261d24        0x4 
 .text.Astronomy_MakeTime
                0x60261d28      0x1b0 lib/libql_app_mqtt.a(astronomy.c.obj)
                0x60261d28                Astronomy_MakeTime
 .text.Astronomy_UtcFromTime
                0x60261ed8      0x1d4 lib/libql_app_mqtt.a(astronomy.c.obj)
                0x60261ed8                Astronomy_UtcFromTime
 *fill*         0x602620ac        0x4 
 .text.Astronomy_SiderealTime
                0x602620b0      0x150 lib/libql_app_mqtt.a(astronomy.c.obj)
                0x602620b0                Astronomy_SiderealTime
 .text.geo_pos  0x60262200       0x68 lib/libql_app_mqtt.a(astronomy.c.obj)
 .text.Astronomy_GeoMoon
                0x60262268      0x148 lib/libql_app_mqtt.a(astronomy.c.obj)
                0x60262268                Astronomy_GeoMoon
 .text.Astronomy_GeoMoonState
                0x602623b0      0x13c lib/libql_app_mqtt.a(astronomy.c.obj)
                0x602623b0                Astronomy_GeoMoonState
 *fill*         0x602624ec        0x4 
 .text.Astronomy_GeoEmbState
                0x602624f0       0x88 lib/libql_app_mqtt.a(astronomy.c.obj)
                0x602624f0                Astronomy_GeoEmbState
 .text.GravSim  0x60262578      0x11e lib/libql_app_mqtt.a(astronomy.c.obj)
                0x60262578                GravSim
 .text.CalcPlutoOneWay
                0x60262696       0x86 lib/libql_app_mqtt.a(astronomy.c.obj)
 *fill*         0x6026271c        0x4 
 .text.GetSegment.constprop.36
                0x60262720      0x260 lib/libql_app_mqtt.a(astronomy.c.obj)
 .text.CalcPluto.isra.16
                0x60262980      0x29c lib/libql_app_mqtt.a(astronomy.c.obj)
 *fill*         0x60262c1c        0x4 
 .text.Astronomy_CorrectLightTravel
                0x60262c20      0x138 lib/libql_app_mqtt.a(astronomy.c.obj)
                0x60262c20                Astronomy_CorrectLightTravel
 .text.Astronomy_Search
                0x60262d58      0x4d8 lib/libql_app_mqtt.a(astronomy.c.obj)
                0x60262d58                Astronomy_Search
 .text.Astronomy_Atmosphere
                0x60263230      0x178 lib/libql_app_mqtt.a(astronomy.c.obj)
                0x60263230                Astronomy_Atmosphere
 .text.Astronomy_VectorFromSphere
                0x602633a8       0xd0 lib/libql_app_mqtt.a(astronomy.c.obj)
                0x602633a8                Astronomy_VectorFromSphere
 .text.Astronomy_HelioVector
                0x60263478      0x354 lib/libql_app_mqtt.a(astronomy.c.obj)
                0x60263478                Astronomy_HelioVector
 .text.BodyPosition
                0x602637cc       0xe2 lib/libql_app_mqtt.a(astronomy.c.obj)
 *fill*         0x602638ae        0x2 
 .text.Astronomy_HelioState
                0x602638b0      0x2e4 lib/libql_app_mqtt.a(astronomy.c.obj)
                0x602638b0                Astronomy_HelioState
 *fill*         0x60263b94        0x4 
 .text.Astronomy_BackdatePosition
                0x60263b98      0x214 lib/libql_app_mqtt.a(astronomy.c.obj)
                0x60263b98                Astronomy_BackdatePosition
 .text.Astronomy_GeoVector
                0x60263dac       0xac lib/libql_app_mqtt.a(astronomy.c.obj)
                0x60263dac                Astronomy_GeoVector
 .text.Astronomy_Equator
                0x60263e58       0xfc lib/libql_app_mqtt.a(astronomy.c.obj)
                0x60263e58                Astronomy_Equator
 *fill*         0x60263f54        0x4 
 .text.Astronomy_Refraction
                0x60263f58       0xe0 lib/libql_app_mqtt.a(astronomy.c.obj)
                0x60263f58                Astronomy_Refraction
 .text.Astronomy_Horizon
                0x60264038      0x354 lib/libql_app_mqtt.a(astronomy.c.obj)
                0x60264038                Astronomy_Horizon
 *fill*         0x6026438c        0x4 
 .text.altitude_diff
                0x60264390       0xc0 lib/libql_app_mqtt.a(astronomy.c.obj)
 .text.FindAscent
                0x60264450      0x21c lib/libql_app_mqtt.a(astronomy.c.obj)
 *fill*         0x6026466c        0x4 
 .text.InternalSearchAltitude
                0x60264670      0x540 lib/libql_app_mqtt.a(astronomy.c.obj)
 .text.Astronomy_SearchRiseSetEx
                0x60264bb0      0x204 lib/libql_app_mqtt.a(astronomy.c.obj)
                0x60264bb0                Astronomy_SearchRiseSetEx
 *fill*         0x60264db4        0x4 
 .rodata.PlutoStateTable
                0x60264db8      0xb28 lib/libql_app_mqtt.a(astronomy.c.obj)
 .rodata.vsop   0x602658e0       0xc0 lib/libql_app_mqtt.a(astronomy.c.obj)
 .rodata.vsop_lat_Earth
                0x602659a0       0x10 lib/libql_app_mqtt.a(astronomy.c.obj)
 .rodata.vsop_lat_Earth_1
                0x602659b0       0x30 lib/libql_app_mqtt.a(astronomy.c.obj)
 .rodata.vsop_lat_Jupiter
                0x602659e0       0x10 lib/libql_app_mqtt.a(astronomy.c.obj)
 .rodata.vsop_lat_Jupiter_0
                0x602659f0       0x90 lib/libql_app_mqtt.a(astronomy.c.obj)
 .rodata.vsop_lat_Jupiter_1
                0x60265a80       0x18 lib/libql_app_mqtt.a(astronomy.c.obj)
 .rodata.vsop_lat_Mars
                0x60265a98       0x10 lib/libql_app_mqtt.a(astronomy.c.obj)
 .rodata.vsop_lat_Mars_0
                0x60265aa8       0x78 lib/libql_app_mqtt.a(astronomy.c.obj)
 .rodata.vsop_lat_Mars_1
                0x60265b20       0x48 lib/libql_app_mqtt.a(astronomy.c.obj)
 .rodata.vsop_lat_Mercury
                0x60265b68       0x10 lib/libql_app_mqtt.a(astronomy.c.obj)
 .rodata.vsop_lat_Mercury_0
                0x60265b78       0xa8 lib/libql_app_mqtt.a(astronomy.c.obj)
 .rodata.vsop_lat_Mercury_1
                0x60265c20       0x30 lib/libql_app_mqtt.a(astronomy.c.obj)
 .rodata.vsop_lat_Neptune
                0x60265c50        0x8 lib/libql_app_mqtt.a(astronomy.c.obj)
 .rodata.vsop_lat_Neptune_0
                0x60265c58       0x78 lib/libql_app_mqtt.a(astronomy.c.obj)
 .rodata.vsop_lat_Saturn
                0x60265cd0       0x10 lib/libql_app_mqtt.a(astronomy.c.obj)
 .rodata.vsop_lat_Saturn_0
                0x60265ce0       0xd8 lib/libql_app_mqtt.a(astronomy.c.obj)
 .rodata.vsop_lat_Saturn_1
                0x60265db8       0x48 lib/libql_app_mqtt.a(astronomy.c.obj)
 .rodata.vsop_lat_Uranus
                0x60265e00       0x10 lib/libql_app_mqtt.a(astronomy.c.obj)
 .rodata.vsop_lat_Uranus_0
                0x60265e10       0x78 lib/libql_app_mqtt.a(astronomy.c.obj)
 .rodata.vsop_lat_Uranus_1
                0x60265e88       0x18 lib/libql_app_mqtt.a(astronomy.c.obj)
 .rodata.vsop_lat_Venus
                0x60265ea0       0x10 lib/libql_app_mqtt.a(astronomy.c.obj)
 .rodata.vsop_lat_Venus_0
                0x60265eb0       0x48 lib/libql_app_mqtt.a(astronomy.c.obj)
 .rodata.vsop_lat_Venus_1
                0x60265ef8       0x18 lib/libql_app_mqtt.a(astronomy.c.obj)
 .rodata.vsop_lon_Earth
                0x60265f10       0x18 lib/libql_app_mqtt.a(astronomy.c.obj)
 .rodata.vsop_lon_Earth_0
                0x60265f28      0x2a0 lib/libql_app_mqtt.a(astronomy.c.obj)
 .rodata.vsop_lon_Earth_1
                0x602661c8       0x48 lib/libql_app_mqtt.a(astronomy.c.obj)
 .rodata.vsop_lon_Earth_2
                0x60266210       0x18 lib/libql_app_mqtt.a(astronomy.c.obj)
 .rodata.vsop_lon_Jupiter
                0x60266228       0x18 lib/libql_app_mqtt.a(astronomy.c.obj)
 .rodata.vsop_lon_Jupiter_0
                0x60266240      0x2b8 lib/libql_app_mqtt.a(astronomy.c.obj)
 .rodata.vsop_lon_Jupiter_1
                0x602664f8       0xd8 lib/libql_app_mqtt.a(astronomy.c.obj)
 .rodata.vsop_lon_Jupiter_2
                0x602665d0       0x48 lib/libql_app_mqtt.a(astronomy.c.obj)
 .rodata.vsop_lon_Mars
                0x60266618       0x18 lib/libql_app_mqtt.a(astronomy.c.obj)
 .rodata.vsop_lon_Mars_0
                0x60266630      0x498 lib/libql_app_mqtt.a(astronomy.c.obj)
 .rodata.vsop_lon_Mars_1
                0x60266ac8       0xa8 lib/libql_app_mqtt.a(astronomy.c.obj)
 .rodata.vsop_lon_Mars_2
                0x60266b70       0x30 lib/libql_app_mqtt.a(astronomy.c.obj)
 .rodata.vsop_lon_Mercury
                0x60266ba0       0x10 lib/libql_app_mqtt.a(astronomy.c.obj)
 .rodata.vsop_lon_Mercury_0
                0x60266bb0       0xa8 lib/libql_app_mqtt.a(astronomy.c.obj)
 .rodata.vsop_lon_Mercury_1
                0x60266c58       0x78 lib/libql_app_mqtt.a(astronomy.c.obj)
 .rodata.vsop_lon_Neptune
                0x60266cd0       0x10 lib/libql_app_mqtt.a(astronomy.c.obj)
 .rodata.vsop_lon_Neptune_0
                0x60266ce0       0xf0 lib/libql_app_mqtt.a(astronomy.c.obj)
 .rodata.vsop_lon_Neptune_1
                0x60266dd0       0x48 lib/libql_app_mqtt.a(astronomy.c.obj)
 .rodata.vsop_lon_Saturn
                0x60266e18       0x18 lib/libql_app_mqtt.a(astronomy.c.obj)
 .rodata.vsop_lon_Saturn_0
                0x60266e30      0x318 lib/libql_app_mqtt.a(astronomy.c.obj)
 .rodata.vsop_lon_Saturn_1
                0x60267148      0x120 lib/libql_app_mqtt.a(astronomy.c.obj)
 .rodata.vsop_lon_Saturn_2
                0x60267268       0x60 lib/libql_app_mqtt.a(astronomy.c.obj)
 .rodata.vsop_lon_Uranus
                0x602672c8       0x10 lib/libql_app_mqtt.a(astronomy.c.obj)
 .rodata.vsop_lon_Uranus_0
                0x602672d8      0x3a8 lib/libql_app_mqtt.a(astronomy.c.obj)
 .rodata.vsop_lon_Uranus_1
                0x60267680       0x90 lib/libql_app_mqtt.a(astronomy.c.obj)
 .rodata.vsop_lon_Venus
                0x60267710       0x10 lib/libql_app_mqtt.a(astronomy.c.obj)
 .rodata.vsop_lon_Venus_0
                0x60267720       0xf0 lib/libql_app_mqtt.a(astronomy.c.obj)
 .rodata.vsop_lon_Venus_1
                0x60267810       0x48 lib/libql_app_mqtt.a(astronomy.c.obj)
 .rodata.vsop_rad_Earth
                0x60267858       0x18 lib/libql_app_mqtt.a(astronomy.c.obj)
 .rodata.vsop_rad_Earth_0
                0x60267870      0x150 lib/libql_app_mqtt.a(astronomy.c.obj)
 .rodata.vsop_rad_Earth_1
                0x602679c0       0x30 lib/libql_app_mqtt.a(astronomy.c.obj)
 .rodata.vsop_rad_Earth_2
                0x602679f0       0x18 lib/libql_app_mqtt.a(astronomy.c.obj)
 .rodata.vsop_rad_Jupiter
                0x60267a08       0x10 lib/libql_app_mqtt.a(astronomy.c.obj)
 .rodata.vsop_rad_Jupiter_0
                0x60267a18      0x1c8 lib/libql_app_mqtt.a(astronomy.c.obj)
 .rodata.vsop_rad_Jupiter_1
                0x60267be0       0x78 lib/libql_app_mqtt.a(astronomy.c.obj)
 .rodata.vsop_rad_Mars
                0x60267c58       0x18 lib/libql_app_mqtt.a(astronomy.c.obj)
 .rodata.vsop_rad_Mars_0
                0x60267c70      0x1c8 lib/libql_app_mqtt.a(astronomy.c.obj)
 .rodata.vsop_rad_Mars_1
                0x60267e38       0x60 lib/libql_app_mqtt.a(astronomy.c.obj)
 .rodata.vsop_rad_Mars_2
                0x60267e98       0x30 lib/libql_app_mqtt.a(astronomy.c.obj)
 .rodata.vsop_rad_Mercury
                0x60267ec8       0x10 lib/libql_app_mqtt.a(astronomy.c.obj)
 .rodata.vsop_rad_Mercury_0
                0x60267ed8       0x90 lib/libql_app_mqtt.a(astronomy.c.obj)
 .rodata.vsop_rad_Mercury_1
                0x60267f68       0x30 lib/libql_app_mqtt.a(astronomy.c.obj)
 .rodata.vsop_rad_Neptune
                0x60267f98        0x8 lib/libql_app_mqtt.a(astronomy.c.obj)
 .rodata.vsop_rad_Neptune_0
                0x60267fa0      0x120 lib/libql_app_mqtt.a(astronomy.c.obj)
 .rodata.vsop_rad_Saturn
                0x602680c0       0x18 lib/libql_app_mqtt.a(astronomy.c.obj)
 .rodata.vsop_rad_Saturn_0
                0x602680d8      0x228 lib/libql_app_mqtt.a(astronomy.c.obj)
 .rodata.vsop_rad_Saturn_1
                0x60268300       0x90 lib/libql_app_mqtt.a(astronomy.c.obj)
 .rodata.vsop_rad_Saturn_2
                0x60268390       0x18 lib/libql_app_mqtt.a(astronomy.c.obj)
 .rodata.vsop_rad_Uranus
                0x602683a8       0x10 lib/libql_app_mqtt.a(astronomy.c.obj)
 .rodata.vsop_rad_Uranus_0
                0x602683b8      0x240 lib/libql_app_mqtt.a(astronomy.c.obj)
 .rodata.vsop_rad_Uranus_1
                0x602685f8       0x18 lib/libql_app_mqtt.a(astronomy.c.obj)
 .rodata.vsop_rad_Venus
                0x60268610       0x10 lib/libql_app_mqtt.a(astronomy.c.obj)
 .rodata.vsop_rad_Venus_0
                0x60268620       0xc0 lib/libql_app_mqtt.a(astronomy.c.obj)
 .rodata.vsop_rad_Venus_1
                0x602686e0       0x18 lib/libql_app_mqtt.a(astronomy.c.obj)
 .rodata.attributes_getMsg_field_info
                0x602686f8      0x174 lib/libql_app_mqtt.a(getMsg.pb.c.obj)
                0x602686f8                attributes_getMsg_field_info
 .rodata.attributes_getMsg_msg
                0x6026886c       0x18 lib/libql_app_mqtt.a(getMsg.pb.c.obj)
                0x6026886c                attributes_getMsg_msg
 .rodata.attributes_getMsg_submsg_info
                0x60268884        0x4 lib/libql_app_mqtt.a(getMsg.pb.c.obj)
                0x60268884                attributes_getMsg_submsg_info
 .text.buf_read
                0x60268888       0x1e lib/libql_app_mqtt.a(pb_decode.c.obj)
 *fill*         0x602688a6        0x2 
 .text.pb_readbyte
                0x602688a8       0x40 lib/libql_app_mqtt.a(pb_decode.c.obj)
 .text.pb_decode_varint32_eof